[2026-09-19T16:05:56+08:00] === [1] npm run build(本地,避免服务器 OOM)===

> attrax@0.1.0 prebuild
> node scripts/guard-no-server-build.mjs


> attrax@0.1.0 build
> next build

▲ Next.js 16.3.4 (Turbopack)
- Environments: .env.local
✓ Running next.config.ts took 17ms
- Experiments (use with caution):
  · optimizePackageImports
  · proxyClientMaxBodySize: "50mb"

⚠ The "middleware" file convention is deprecated. Please use "proxy" instead.

  To migrate automatically, run:
  npx @next/codemod@canary middleware-to-proxy .

  Learn more: https://nextjs.org/docs/messages/middleware-to-proxy
  Creating an optimized production build ...
✓ Compiled successfully in 1361ms
  Running TypeScript ...
  Finished TypeScript in 1377ms ...
  Collecting page data using 13 workers ...
  Generating static pages using 13 workers (0/15) ...
  Generating static pages using 13 workers (3/15) 
  Generating static pages using 13 workers (7/15) 
  Generating static pages using 13 workers (11/15) 
✓ Generating static pages using 13 workers (15/15) in 183ms
Turbopack build encountered 1 warning:
./lib/regulations/data-root.ts:64:15
Warning: Dynamic filesystem access causes tracing of the whole project
  [90m62 |[0m   }
  [90m63 |[0m
[33m[1m>[0m [90m64 |[0m   [36mconst[0m cwd = path.resolve(process.cwd());
  [90m   |[0m               [33m[1m^^^^^^^^^^^^^^^^^^^^^^^^^^^[0m
  [90m65 |[0m
  [90m66 |[0m   [90m// 2. Standalone build — the project root is two levels up if the live[0m
  [90m67 |[0m   [90m//    project root is reachable from there.[0m

Static analysis determined that this filesystem access causes the whole project to be traced and included in the output.
This is usually unintentional and leads to all source files (including the public folder) to be deployed as part of the server code.
This can slow down deployments or lead to failures when size limits are exceeded.
To resolve this, you can
- make sure the path is statically scoped to some subfolder, for example path.join(process.cwd(), 'data', bar), or
- only use them in development, or
- opt out by adding an ignore comment to the highlighted call: path.resolve(/*turbopackIgnore: true*/ ...), or
- remove them.

Import trace:
  App Route:
    ./lib/regulations/data-root.ts
    ./app/api/regulations/updates/watchdog-source.ts
    ./app/api/regulations/updates/route.ts


  Finalizing page optimization ...

Route (app)
┌ ○ /
├ ○ /_not-found
├   /[locale]
│ ├ ● /zh
│ └ ● /en
├ ƒ /api/health
├ ƒ /api/health/watchdog
├ ƒ /api/regulations/[docId]
├ ƒ /api/regulations/archive
├ ƒ /api/regulations/sources
├ ƒ /api/regulations/updates
├ ƒ /api/report/[sessionId]/[reportType]
├ ƒ /api/scan
├ ƒ /api/scan/[sessionId]
├ ƒ /api/scan/[sessionId]/asset/[index]
├ ƒ /api/scan/[sessionId]/evidence
├ ƒ /api/scan/[sessionId]/revisions
├ ƒ /burning/[sessionId]
├ ○ /force-error
├ ○ /pricing
├ ƒ /profit/[sessionId]
├ ○ /regulations
├ ƒ /regulations/[docId]
├ ƒ /result/[sessionId]
└ ○ /upload


ƒ Proxy (Middleware)

○  (Static)   prerendered as static content
●  (SSG)      prerendered as static HTML (uses generateStaticParams)
ƒ  (Dynamic)  server-rendered on demand

[2026-09-19T16:06:03+08:00] BUILD_ID: zc4WtGp16QVZWuRl3ulj6
[2026-09-19T16:06:03+08:00] === [3] stage static + public 进 standalone ===
[2026-09-19T16:06:03+08:00] stage 校验通过: css=       6 media=      10 public=       4 项
[2026-09-19T16:06:03+08:00] .deployed: commit=fd17bd1 build_id=zc4WtGp16QVZWuRl3ulj6 ref=origin/main
[2026-09-19T16:06:03+08:00] .build-sha: fd17bd1
[2026-09-19T16:06:03+08:00] === [4.6] stage ops/ ===
[2026-09-19T16:06:03+08:00] ops staged: 10 files
[2026-09-19T16:06:03+08:00] === [5] 打包 -> /Users/wangjianjun/me/attrax/docs/evidence/2026-09-19-regulation-raw-import/attrax-deploy-fd17bd1.tar.gz ===
[2026-09-19T16:06:09+08:00] tarball 大小:  59M
[2026-09-19T16:06:09+08:00] === [6] 校验 tarball 内容 ===
[2026-09-19T16:06:09+08:00] tarball 校验通过: 含 css=6 个, public条目=37 个, ops=11 个
[2026-09-19T16:06:09+08:00] === 完成 ===
[2026-09-19T16:06:09+08:00] 下一步: scp /Users/wangjianjun/me/attrax/docs/evidence/2026-09-19-regulation-raw-import/attrax-deploy-fd17bd1.tar.gz aliyun-sz:/tmp/ 然后 ssh aliyun-sz 'bash /tmp/attrax-apply-deploy.sh'
[2026-09-19T16:06:09+08:00] BUILD_ID: zc4WtGp16QVZWuRl3ulj6
