
> attrax@0.1.0 dev
> next dev

▲ Next.js 16.2.4 (Turbopack)
- Local:         http://localhost:3000
- Network:       http://10.161.117.4:3000
- Environments: .env.local
✓ Ready in 1542ms
- Experiments (use with caution):
  · optimizePackageImports

○ Compiling / ...
 GET / 200 in 156ms (next.js: 11ms, application-code: 145ms)
 GET / 200 in 123ms (next.js: 13ms, application-code: 110ms)
 GET /upload 200 in 3.5s (next.js: 3.0s, application-code: 528ms)
○ Compiling /result/[sessionId] ...
 GET /result/demo 200 in 10.3s
 GET /burning/test123 200 in 4.3s (next.js: 3.9s, application-code: 358ms)
 GET /api/scan/demo 200 in 2.9s (next.js: 2.8s, application-code: 66ms)
 GET /result/demo 200 in 172ms (next.js: 30ms, application-code: 142ms)
 POST /api/scan 400 in 1639ms (next.js: 1610ms, application-code: 29ms)
 GET /api/scan/demo 200 in 37ms (next.js: 21ms, application-code: 15ms)
⚠ The "middleware" file convention is deprecated. Please use "proxy" instead. Learn more: https://nextjs.org/docs/messages/middleware-to-proxy
✓ Compiled in 99ms
⨯ ./app/layout.tsx:8:1
Module not found: Can't resolve '@/components/ui/LanguageSwitcher'
  [90m 6 |[0m [36mimport[0m { getMessages, setRequestLocale } [36mfrom[0m [32m"next-intl/server"[0m;
  [90m 7 |[0m [36mimport[0m { routing } [36mfrom[0m [32m"@/i18n/routing"[0m;
[31m[1m>[0m [90m 8 |[0m [36mimport[0m [33mLanguageSwitcher[0m [36mfrom[0m [32m"@/components/ui/LanguageSwitcher"[0m;
  [90m   |[0m [31m[1m^^^^^^^^^^^^^^^^^^^^^^^^^^^^^^^^^^^^^^^^^^^^^^^^^^^^^^^^^^^^^^^^[0m
  [90m 9 |[0m [36mimport[0m [32m"./globals.css"[0m;
  [90m10 |[0m
  [90m11 |[0m [36mconst[0m inter = [33mInter[0m({

Import map: aliased to relative './components/ui/LanguageSwitcher' inside of [project]/


https://nextjs.org/docs/messages/module-not-found


⨯ ./app/layout.tsx:8:1
Module not found: Can't resolve '@/components/ui/LanguageSwitcher'
  [90m 6 |[0m [36mimport[0m { getMessages, setRequestLocale } [36mfrom[0m [32m"next-intl/server"[0m;
  [90m 7 |[0m [36mimport[0m { routing } [36mfrom[0m [32m"@/i18n/routing"[0m;
[31m[1m>[0m [90m 8 |[0m [36mimport[0m [33mLanguageSwitcher[0m [36mfrom[0m [32m"@/components/ui/LanguageSwitcher"[0m;
  [90m   |[0m [31m[1m^^^^^^^^^^^^^^^^^^^^^^^^^^^^^^^^^^^^^^^^^^^^^^^^^^^^^^^^^^^^^^^^[0m
  [90m 9 |[0m [36mimport[0m [32m"./globals.css"[0m;
  [90m10 |[0m
  [90m11 |[0m [36mconst[0m inter = [33mInter[0m({

Import map: aliased to relative './components/ui/LanguageSwitcher' inside of [project]/


https://nextjs.org/docs/messages/module-not-found


⨯ ./app/layout.tsx:8:1
Module not found: Can't resolve '@/components/ui/LanguageSwitcher'
  [90m 6 |[0m [36mimport[0m { getMessages, setRequestLocale } [36mfrom[0m [32m"next-intl/server"[0m;
  [90m 7 |[0m [36mimport[0m { routing } [36mfrom[0m [32m"@/i18n/routing"[0m;
[31m[1m>[0m [90m 8 |[0m [36mimport[0m [33mLanguageSwitcher[0m [36mfrom[0m [32m"@/components/ui/LanguageSwitcher"[0m;
  [90m   |[0m [31m[1m^^^^^^^^^^^^^^^^^^^^^^^^^^^^^^^^^^^^^^^^^^^^^^^^^^^^^^^^^^^^^^^^[0m
  [90m 9 |[0m [36mimport[0m [32m"./globals.css"[0m;
  [90m10 |[0m
  [90m11 |[0m [36mconst[0m inter = [33mInter[0m({

Import map: aliased to relative './components/ui/LanguageSwitcher' inside of [project]/


https://nextjs.org/docs/messages/module-not-found


⨯ ./app/layout.tsx:8:1
Module not found: Can't resolve '@/components/ui/LanguageSwitcher'
  [90m 6 |[0m [36mimport[0m { getMessages, setRequestLocale } [36mfrom[0m [32m"next-intl/server"[0m;
  [90m 7 |[0m [36mimport[0m { routing } [36mfrom[0m [32m"@/i18n/routing"[0m;
[31m[1m>[0m [90m 8 |[0m [36mimport[0m [33mLanguageSwitcher[0m [36mfrom[0m [32m"@/components/ui/LanguageSwitcher"[0m;
  [90m   |[0m [31m[1m^^^^^^^^^^^^^^^^^^^^^^^^^^^^^^^^^^^^^^^^^^^^^^^^^^^^^^^^^^^^^^^^[0m
  [90m 9 |[0m [36mimport[0m [32m"./globals.css"[0m;
  [90m10 |[0m
  [90m11 |[0m [36mconst[0m inter = [33mInter[0m({

Import map: aliased to relative './components/ui/LanguageSwitcher' inside of [project]/


https://nextjs.org/docs/messages/module-not-found


⨯ ./app/layout.tsx:8:1
Module not found: Can't resolve '@/components/ui/LanguageSwitcher'
  [90m 6 |[0m [36mimport[0m { getMessages, setRequestLocale } [36mfrom[0m [32m"next-intl/server"[0m;
  [90m 7 |[0m [36mimport[0m { routing } [36mfrom[0m [32m"@/i18n/routing"[0m;
[31m[1m>[0m [90m 8 |[0m [36mimport[0m [33mLanguageSwitcher[0m [36mfrom[0m [32m"@/components/ui/LanguageSwitcher"[0m;
  [90m   |[0m [31m[1m^^^^^^^^^^^^^^^^^^^^^^^^^^^^^^^^^^^^^^^^^^^^^^^^^^^^^^^^^^^^^^^^[0m
  [90m 9 |[0m [36mimport[0m [32m"./globals.css"[0m;
  [90m10 |[0m
  [90m11 |[0m [36mconst[0m inter = [33mInter[0m({

Import map: aliased to relative './components/ui/LanguageSwitcher' inside of [project]/


https://nextjs.org/docs/messages/module-not-found


⨯ ./app/layout.tsx:8:1
Module not found: Can't resolve '@/components/ui/LanguageSwitcher'
  [90m 6 |[0m [36mimport[0m { getMessages, setRequestLocale } [36mfrom[0m [32m"next-intl/server"[0m;
  [90m 7 |[0m [36mimport[0m { routing } [36mfrom[0m [32m"@/i18n/routing"[0m;
[31m[1m>[0m [90m 8 |[0m [36mimport[0m [33mLanguageSwitcher[0m [36mfrom[0m [32m"@/components/ui/LanguageSwitcher"[0m;
  [90m   |[0m [31m[1m^^^^^^^^^^^^^^^^^^^^^^^^^^^^^^^^^^^^^^^^^^^^^^^^^^^^^^^^^^^^^^^^[0m
  [90m 9 |[0m [36mimport[0m [32m"./globals.css"[0m;
  [90m10 |[0m
  [90m11 |[0m [36mconst[0m inter = [33mInter[0m({

Import map: aliased to relative './components/ui/LanguageSwitcher' inside of [project]/


https://nextjs.org/docs/messages/module-not-found


⨯ ./app/layout.tsx:8:1
Module not found: Can't resolve '@/components/ui/LanguageSwitcher'
  [90m 6 |[0m [36mimport[0m { getMessages, setRequestLocale } [36mfrom[0m [32m"next-intl/server"[0m;
  [90m 7 |[0m [36mimport[0m { routing } [36mfrom[0m [32m"@/i18n/routing"[0m;
[31m[1m>[0m [90m 8 |[0m [36mimport[0m [33mLanguageSwitcher[0m [36mfrom[0m [32m"@/components/ui/LanguageSwitcher"[0m;
  [90m   |[0m [31m[1m^^^^^^^^^^^^^^^^^^^^^^^^^^^^^^^^^^^^^^^^^^^^^^^^^^^^^^^^^^^^^^^^[0m
  [90m 9 |[0m [36mimport[0m [32m"./globals.css"[0m;
  [90m10 |[0m
  [90m11 |[0m [36mconst[0m inter = [33mInter[0m({

Import map: aliased to relative './components/ui/LanguageSwitcher' inside of [project]/


https://nextjs.org/docs/messages/module-not-found


⨯ ./app/layout.tsx:8:1
Module not found: Can't resolve '@/components/ui/LanguageSwitcher'
  [90m 6 |[0m [36mimport[0m { getMessages, setRequestLocale } [36mfrom[0m [32m"next-intl/server"[0m;
  [90m 7 |[0m [36mimport[0m { routing } [36mfrom[0m [32m"@/i18n/routing"[0m;
[31m[1m>[0m [90m 8 |[0m [36mimport[0m [33mLanguageSwitcher[0m [36mfrom[0m [32m"@/components/ui/LanguageSwitcher"[0m;
  [90m   |[0m [31m[1m^^^^^^^^^^^^^^^^^^^^^^^^^^^^^^^^^^^^^^^^^^^^^^^^^^^^^^^^^^^^^^^^[0m
  [90m 9 |[0m [36mimport[0m [32m"./globals.css"[0m;
  [90m10 |[0m
  [90m11 |[0m [36mconst[0m inter = [33mInter[0m({

Import map: aliased to relative './components/ui/LanguageSwitcher' inside of [project]/


https://nextjs.org/docs/messages/module-not-found


✓ Compiled in 1050ms
✓ Compiled in 526ms
✓ Compiled in 157ms
✓ Compiled in 204ms
✓ Compiled in 116ms
✓ Compiled in 293ms
✓ Compiled in 323ms
✓ Compiled in 148ms
✓ Compiled in 313ms
⨯ ./app/page.tsx:6:1
Module not found: Can't resolve '@/lib/i18n'
  [90m4 |[0m [36mimport[0m { buttonVariants } [36mfrom[0m [32m"@/components/ui/button"[0m;
  [90m5 |[0m [36mimport[0m { cn } [36mfrom[0m [32m"@/lib/utils"[0m;
[31m[1m>[0m [90m6 |[0m [36mimport[0m { useTranslation } [36mfrom[0m [32m"@/lib/i18n"[0m;
  [90m  |[0m [31m[1m^^^^^^^^^^^^^^^^^^^^^^^^^^^^^^^^^^^^^^^^^^^^[0m
  [90m7 |[0m
  [90m8 |[0m [36mexport[0m [36mdefault[0m [36mfunction[0m [33mHome[0m() {
  [90m9 |[0m   [36mconst[0m { t } = useTranslation();

Import map: aliased to relative './lib/i18n' inside of [project]/


Import traces:
  Client Component Browser:
    ./app/page.tsx [Client Component Browser]
    ./app/page.tsx [Server Component]

  Client Component SSR:
    ./app/page.tsx [Client Component SSR]
    ./app/page.tsx [Server Component]

https://nextjs.org/docs/messages/module-not-found


⨯ ./app/page.tsx:6:1
Module not found: Can't resolve '@/lib/i18n'
  [90m4 |[0m [36mimport[0m { buttonVariants } [36mfrom[0m [32m"@/components/ui/button"[0m;
  [90m5 |[0m [36mimport[0m { cn } [36mfrom[0m [32m"@/lib/utils"[0m;
[31m[1m>[0m [90m6 |[0m [36mimport[0m { useTranslation } [36mfrom[0m [32m"@/lib/i18n"[0m;
  [90m  |[0m [31m[1m^^^^^^^^^^^^^^^^^^^^^^^^^^^^^^^^^^^^^^^^^^^^[0m
  [90m7 |[0m
  [90m8 |[0m [36mexport[0m [36mdefault[0m [36mfunction[0m [33mHome[0m() {
  [90m9 |[0m   [36mconst[0m { t } = useTranslation();

Import map: aliased to relative './lib/i18n' inside of [project]/


Import traces:
  Client Component Browser:
    ./app/page.tsx [Client Component Browser]
    ./app/page.tsx [Server Component]

  Client Component SSR:
    ./app/page.tsx [Client Component SSR]
    ./app/page.tsx [Server Component]

https://nextjs.org/docs/messages/module-not-found


⨯ ./app/page.tsx:6:1
Module not found: Can't resolve '@/lib/i18n'
  [90m4 |[0m [36mimport[0m { buttonVariants } [36mfrom[0m [32m"@/components/ui/button"[0m;
  [90m5 |[0m [36mimport[0m { cn } [36mfrom[0m [32m"@/lib/utils"[0m;
[31m[1m>[0m [90m6 |[0m [36mimport[0m { useTranslation } [36mfrom[0m [32m"@/lib/i18n"[0m;
  [90m  |[0m [31m[1m^^^^^^^^^^^^^^^^^^^^^^^^^^^^^^^^^^^^^^^^^^^^[0m
  [90m7 |[0m
  [90m8 |[0m [36mexport[0m [36mdefault[0m [36mfunction[0m [33mHome[0m() {
  [90m9 |[0m   [36mconst[0m { t } = useTranslation();

Import map: aliased to relative './lib/i18n' inside of [project]/


Import traces:
  Client Component Browser:
    ./app/page.tsx [Client Component Browser]
    ./app/page.tsx [Server Component]

  Client Component SSR:
    ./app/page.tsx [Client Component SSR]
    ./app/page.tsx [Server Component]

https://nextjs.org/docs/messages/module-not-found


⨯ ./app/page.tsx:6:1
Module not found: Can't resolve '@/lib/i18n'
  [90m4 |[0m [36mimport[0m { buttonVariants } [36mfrom[0m [32m"@/components/ui/button"[0m;
  [90m5 |[0m [36mimport[0m { cn } [36mfrom[0m [32m"@/lib/utils"[0m;
[31m[1m>[0m [90m6 |[0m [36mimport[0m { useTranslation } [36mfrom[0m [32m"@/lib/i18n"[0m;
  [90m  |[0m [31m[1m^^^^^^^^^^^^^^^^^^^^^^^^^^^^^^^^^^^^^^^^^^^^[0m
  [90m7 |[0m
  [90m8 |[0m [36mexport[0m [36mdefault[0m [36mfunction[0m [33mHome[0m() {
  [90m9 |[0m   [36mconst[0m { t } = useTranslation();

Import map: aliased to relative './lib/i18n' inside of [project]/


Import traces:
  Client Component Browser:
    ./app/page.tsx [Client Component Browser]
    ./app/page.tsx [Server Component]

  Client Component SSR:
    ./app/page.tsx [Client Component SSR]
    ./app/page.tsx [Server Component]

https://nextjs.org/docs/messages/module-not-found


⨯ ./lib/i18n.tsx:16:1
Module not found: Can't resolve '@/messages/en.json'
  [90m14 |[0m
  [90m15 |[0m [36mimport[0m zhMessages [36mfrom[0m [32m"@/messages/zh.json"[0m;
[31m[1m>[0m [90m16 |[0m [36mimport[0m enMessages [36mfrom[0m [32m"@/messages/en.json"[0m;
  [90m   |[0m [31m[1m^^^^^^^^^^^^^^^^^^^^^^^^^^^^^^^^^^^^^^^^^^^^[0m
  [90m17 |[0m
  [90m18 |[0m [36mconst[0m messages: [33mRecord[0m<[33mLocale[0m, [33mRecord[0m<string, unknown>> = {
  [90m19 |[0m   zh: zhMessages [36mas[0m [33mRecord[0m<string, unknown>,

Import map: aliased to relative './messages/en.json' inside of [project]/


Import traces:
  Client Component Browser:
    ./lib/i18n.tsx [Client Component Browser]
    ./app/page.tsx [Client Component Browser]
    ./app/page.tsx [Server Component]

  Client Component SSR:
    ./lib/i18n.tsx [Client Component SSR]
    ./app/page.tsx [Client Component SSR]
    ./app/page.tsx [Server Component]

https://nextjs.org/docs/messages/module-not-found


⨯ ./lib/i18n.tsx:16:1
Module not found: Can't resolve '@/messages/en.json'
  [90m14 |[0m
  [90m15 |[0m [36mimport[0m zhMessages [36mfrom[0m [32m"@/messages/zh.json"[0m;
[31m[1m>[0m [90m16 |[0m [36mimport[0m enMessages [36mfrom[0m [32m"@/messages/en.json"[0m;
  [90m   |[0m [31m[1m^^^^^^^^^^^^^^^^^^^^^^^^^^^^^^^^^^^^^^^^^^^^[0m
  [90m17 |[0m
  [90m18 |[0m [36mconst[0m messages: [33mRecord[0m<[33mLocale[0m, [33mRecord[0m<string, unknown>> = {
  [90m19 |[0m   zh: zhMessages [36mas[0m [33mRecord[0m<string, unknown>,

Import map: aliased to relative './messages/en.json' inside of [project]/


Import traces:
  Client Component Browser:
    ./lib/i18n.tsx [Client Component Browser]
    ./app/page.tsx [Client Component Browser]
    ./app/page.tsx [Server Component]

  Client Component SSR:
    ./lib/i18n.tsx [Client Component SSR]
    ./app/page.tsx [Client Component SSR]
    ./app/page.tsx [Server Component]

https://nextjs.org/docs/messages/module-not-found


⨯ ./lib/i18n.tsx:16:1
Module not found: Can't resolve '@/messages/en.json'
  [90m14 |[0m
  [90m15 |[0m [36mimport[0m zhMessages [36mfrom[0m [32m"@/messages/zh.json"[0m;
[31m[1m>[0m [90m16 |[0m [36mimport[0m enMessages [36mfrom[0m [32m"@/messages/en.json"[0m;
  [90m   |[0m [31m[1m^^^^^^^^^^^^^^^^^^^^^^^^^^^^^^^^^^^^^^^^^^^^[0m
  [90m17 |[0m
  [90m18 |[0m [36mconst[0m messages: [33mRecord[0m<[33mLocale[0m, [33mRecord[0m<string, unknown>> = {
  [90m19 |[0m   zh: zhMessages [36mas[0m [33mRecord[0m<string, unknown>,

Import map: aliased to relative './messages/en.json' inside of [project]/


Import traces:
  Client Component Browser:
    ./lib/i18n.tsx [Client Component Browser]
    ./app/page.tsx [Client Component Browser]
    ./app/page.tsx [Server Component]

  Client Component SSR:
    ./lib/i18n.tsx [Client Component SSR]
    ./app/page.tsx [Client Component SSR]
    ./app/page.tsx [Server Component]

https://nextjs.org/docs/messages/module-not-found


⨯ ./lib/i18n.tsx:16:1
Module not found: Can't resolve '@/messages/en.json'
  [90m14 |[0m
  [90m15 |[0m [36mimport[0m zhMessages [36mfrom[0m [32m"@/messages/zh.json"[0m;
[31m[1m>[0m [90m16 |[0m [36mimport[0m enMessages [36mfrom[0m [32m"@/messages/en.json"[0m;
  [90m   |[0m [31m[1m^^^^^^^^^^^^^^^^^^^^^^^^^^^^^^^^^^^^^^^^^^^^[0m
  [90m17 |[0m
  [90m18 |[0m [36mconst[0m messages: [33mRecord[0m<[33mLocale[0m, [33mRecord[0m<string, unknown>> = {
  [90m19 |[0m   zh: zhMessages [36mas[0m [33mRecord[0m<string, unknown>,

Import map: aliased to relative './messages/en.json' inside of [project]/


Import traces:
  Client Component Browser:
    ./lib/i18n.tsx [Client Component Browser]
    ./app/page.tsx [Client Component Browser]
    ./app/page.tsx [Server Component]

  Client Component SSR:
    ./lib/i18n.tsx [Client Component SSR]
    ./app/page.tsx [Client Component SSR]
    ./app/page.tsx [Server Component]

https://nextjs.org/docs/messages/module-not-found


⨯ ./lib/i18n.tsx:15:1
Module not found: Can't resolve '@/messages/zh.json'
  [90m13 |[0m [36mconst[0m [33mTranslationContext[0m = createContext<[33mTranslationContextType[0m | [36mnull[0m>([36mnull[0m);
  [90m14 |[0m
[31m[1m>[0m [90m15 |[0m [36mimport[0m zhMessages [36mfrom[0m [32m"@/messages/zh.json"[0m;
  [90m   |[0m [31m[1m^^^^^^^^^^^^^^^^^^^^^^^^^^^^^^^^^^^^^^^^^^^^[0m
  [90m16 |[0m [36mimport[0m enMessages [36mfrom[0m [32m"@/messages/en.json"[0m;
  [90m17 |[0m
  [90m18 |[0m [36mconst[0m messages: [33mRecord[0m<[33mLocale[0m, [33mRecord[0m<string, unknown>> = {

Import map: aliased to relative './messages/zh.json' inside of [project]/


Import traces:
  Client Component Browser:
    ./lib/i18n.tsx [Client Component Browser]
    ./app/page.tsx [Client Component Browser]
    ./app/page.tsx [Server Component]

  Client Component SSR:
    ./lib/i18n.tsx [Client Component SSR]
    ./app/page.tsx [Client Component SSR]
    ./app/page.tsx [Server Component]

https://nextjs.org/docs/messages/module-not-found


⨯ ./lib/i18n.tsx:15:1
Module not found: Can't resolve '@/messages/zh.json'
  [90m13 |[0m [36mconst[0m [33mTranslationContext[0m = createContext<[33mTranslationContextType[0m | [36mnull[0m>([36mnull[0m);
  [90m14 |[0m
[31m[1m>[0m [90m15 |[0m [36mimport[0m zhMessages [36mfrom[0m [32m"@/messages/zh.json"[0m;
  [90m   |[0m [31m[1m^^^^^^^^^^^^^^^^^^^^^^^^^^^^^^^^^^^^^^^^^^^^[0m
  [90m16 |[0m [36mimport[0m enMessages [36mfrom[0m [32m"@/messages/en.json"[0m;
  [90m17 |[0m
  [90m18 |[0m [36mconst[0m messages: [33mRecord[0m<[33mLocale[0m, [33mRecord[0m<string, unknown>> = {

Import map: aliased to relative './messages/zh.json' inside of [project]/


Import traces:
  Client Component Browser:
    ./lib/i18n.tsx [Client Component Browser]
    ./app/page.tsx [Client Component Browser]
    ./app/page.tsx [Server Component]

  Client Component SSR:
    ./lib/i18n.tsx [Client Component SSR]
    ./app/page.tsx [Client Component SSR]
    ./app/page.tsx [Server Component]

https://nextjs.org/docs/messages/module-not-found


⨯ ./lib/i18n.tsx:15:1
Module not found: Can't resolve '@/messages/zh.json'
  [90m13 |[0m [36mconst[0m [33mTranslationContext[0m = createContext<[33mTranslationContextType[0m | [36mnull[0m>([36mnull[0m);
  [90m14 |[0m
[31m[1m>[0m [90m15 |[0m [36mimport[0m zhMessages [36mfrom[0m [32m"@/messages/zh.json"[0m;
  [90m   |[0m [31m[1m^^^^^^^^^^^^^^^^^^^^^^^^^^^^^^^^^^^^^^^^^^^^[0m
  [90m16 |[0m [36mimport[0m enMessages [36mfrom[0m [32m"@/messages/en.json"[0m;
  [90m17 |[0m
  [90m18 |[0m [36mconst[0m messages: [33mRecord[0m<[33mLocale[0m, [33mRecord[0m<string, unknown>> = {

Import map: aliased to relative './messages/zh.json' inside of [project]/


Import traces:
  Client Component Browser:
    ./lib/i18n.tsx [Client Component Browser]
    ./app/page.tsx [Client Component Browser]
    ./app/page.tsx [Server Component]

  Client Component SSR:
    ./lib/i18n.tsx [Client Component SSR]
    ./app/page.tsx [Client Component SSR]
    ./app/page.tsx [Server Component]

https://nextjs.org/docs/messages/module-not-found


⨯ ./lib/i18n.tsx:15:1
Module not found: Can't resolve '@/messages/zh.json'
  [90m13 |[0m [36mconst[0m [33mTranslationContext[0m = createContext<[33mTranslationContextType[0m | [36mnull[0m>([36mnull[0m);
  [90m14 |[0m
[31m[1m>[0m [90m15 |[0m [36mimport[0m zhMessages [36mfrom[0m [32m"@/messages/zh.json"[0m;
  [90m   |[0m [31m[1m^^^^^^^^^^^^^^^^^^^^^^^^^^^^^^^^^^^^^^^^^^^^[0m
  [90m16 |[0m [36mimport[0m enMessages [36mfrom[0m [32m"@/messages/en.json"[0m;
  [90m17 |[0m
  [90m18 |[0m [36mconst[0m messages: [33mRecord[0m<[33mLocale[0m, [33mRecord[0m<string, unknown>> = {

Import map: aliased to relative './messages/zh.json' inside of [project]/


Import traces:
  Client Component Browser:
    ./lib/i18n.tsx [Client Component Browser]
    ./app/page.tsx [Client Component Browser]
    ./app/page.tsx [Server Component]

  Client Component SSR:
    ./lib/i18n.tsx [Client Component SSR]
    ./app/page.tsx [Client Component SSR]
    ./app/page.tsx [Server Component]

https://nextjs.org/docs/messages/module-not-found


⨯ ./app/layout.tsx:6:1
Module not found: Can't resolve '@/components/ui/LanguageSwitcher'
  [90m4 |[0m [36mimport[0m [33mPageTransition[0m [36mfrom[0m [32m"@/components/PageTransition"[0m;
  [90m5 |[0m [36mimport[0m { [33mTranslationProvider[0m } [36mfrom[0m [32m"@/lib/i18n"[0m;
[31m[1m>[0m [90m6 |[0m [36mimport[0m [33mLanguageSwitcher[0m [36mfrom[0m [32m"@/components/ui/LanguageSwitcher"[0m;
  [90m  |[0m [31m[1m^^^^^^^^^^^^^^^^^^^^^^^^^^^^^^^^^^^^^^^^^^^^^^^^^^^^^^^^^^^^^^^^[0m
  [90m7 |[0m [36mimport[0m [32m"./globals.css"[0m;
  [90m8 |[0m
  [90m9 |[0m [36mconst[0m inter = [33mInter[0m({

Import map: aliased to relative './components/ui/LanguageSwitcher' inside of [project]/


https://nextjs.org/docs/messages/module-not-found


⨯ ./app/layout.tsx:6:1
Module not found: Can't resolve '@/components/ui/LanguageSwitcher'
  [90m4 |[0m [36mimport[0m [33mPageTransition[0m [36mfrom[0m [32m"@/components/PageTransition"[0m;
  [90m5 |[0m [36mimport[0m { [33mTranslationProvider[0m } [36mfrom[0m [32m"@/lib/i18n"[0m;
[31m[1m>[0m [90m6 |[0m [36mimport[0m [33mLanguageSwitcher[0m [36mfrom[0m [32m"@/components/ui/LanguageSwitcher"[0m;
  [90m  |[0m [31m[1m^^^^^^^^^^^^^^^^^^^^^^^^^^^^^^^^^^^^^^^^^^^^^^^^^^^^^^^^^^^^^^^^[0m
  [90m7 |[0m [36mimport[0m [32m"./globals.css"[0m;
  [90m8 |[0m
  [90m9 |[0m [36mconst[0m inter = [33mInter[0m({

Import map: aliased to relative './components/ui/LanguageSwitcher' inside of [project]/


https://nextjs.org/docs/messages/module-not-found


⨯ ./lib/i18n.tsx:16:1
Module not found: Can't resolve '@/messages/en.json'
  [90m14 |[0m
  [90m15 |[0m [36mimport[0m zhMessages [36mfrom[0m [32m"@/messages/zh.json"[0m;
[31m[1m>[0m [90m16 |[0m [36mimport[0m enMessages [36mfrom[0m [32m"@/messages/en.json"[0m;
  [90m   |[0m [31m[1m^^^^^^^^^^^^^^^^^^^^^^^^^^^^^^^^^^^^^^^^^^^^[0m
  [90m17 |[0m
  [90m18 |[0m [36mconst[0m messages: [33mRecord[0m<[33mLocale[0m, [33mRecord[0m<string, unknown>> = {
  [90m19 |[0m   zh: zhMessages [36mas[0m [33mRecord[0m<string, unknown>,

Import map: aliased to relative './messages/en.json' inside of [project]/


Import trace:
  Server Component:
    ./lib/i18n.tsx
    ./app/layout.tsx

https://nextjs.org/docs/messages/module-not-found


⨯ ./lib/i18n.tsx:16:1
Module not found: Can't resolve '@/messages/en.json'
  [90m14 |[0m
  [90m15 |[0m [36mimport[0m zhMessages [36mfrom[0m [32m"@/messages/zh.json"[0m;
[31m[1m>[0m [90m16 |[0m [36mimport[0m enMessages [36mfrom[0m [32m"@/messages/en.json"[0m;
  [90m   |[0m [31m[1m^^^^^^^^^^^^^^^^^^^^^^^^^^^^^^^^^^^^^^^^^^^^[0m
  [90m17 |[0m
  [90m18 |[0m [36mconst[0m messages: [33mRecord[0m<[33mLocale[0m, [33mRecord[0m<string, unknown>> = {
  [90m19 |[0m   zh: zhMessages [36mas[0m [33mRecord[0m<string, unknown>,

Import map: aliased to relative './messages/en.json' inside of [project]/


Import trace:
  Server Component:
    ./lib/i18n.tsx
    ./app/layout.tsx

https://nextjs.org/docs/messages/module-not-found


⨯ ./lib/i18n.tsx:16:1
Module not found: Can't resolve '@/messages/en.json'
  [90m14 |[0m
  [90m15 |[0m [36mimport[0m zhMessages [36mfrom[0m [32m"@/messages/zh.json"[0m;
[31m[1m>[0m [90m16 |[0m [36mimport[0m enMessages [36mfrom[0m [32m"@/messages/en.json"[0m;
  [90m   |[0m [31m[1m^^^^^^^^^^^^^^^^^^^^^^^^^^^^^^^^^^^^^^^^^^^^[0m
  [90m17 |[0m
  [90m18 |[0m [36mconst[0m messages: [33mRecord[0m<[33mLocale[0m, [33mRecord[0m<string, unknown>> = {
  [90m19 |[0m   zh: zhMessages [36mas[0m [33mRecord[0m<string, unknown>,

Import map: aliased to relative './messages/en.json' inside of [project]/


Import trace:
  Server Component:
    ./lib/i18n.tsx
    ./app/layout.tsx

https://nextjs.org/docs/messages/module-not-found


⨯ ./lib/i18n.tsx:16:1
Module not found: Can't resolve '@/messages/en.json'
  [90m14 |[0m
  [90m15 |[0m [36mimport[0m zhMessages [36mfrom[0m [32m"@/messages/zh.json"[0m;
[31m[1m>[0m [90m16 |[0m [36mimport[0m enMessages [36mfrom[0m [32m"@/messages/en.json"[0m;
  [90m   |[0m [31m[1m^^^^^^^^^^^^^^^^^^^^^^^^^^^^^^^^^^^^^^^^^^^^[0m
  [90m17 |[0m
  [90m18 |[0m [36mconst[0m messages: [33mRecord[0m<[33mLocale[0m, [33mRecord[0m<string, unknown>> = {
  [90m19 |[0m   zh: zhMessages [36mas[0m [33mRecord[0m<string, unknown>,

Import map: aliased to relative './messages/en.json' inside of [project]/


Import trace:
  Server Component:
    ./lib/i18n.tsx
    ./app/layout.tsx

https://nextjs.org/docs/messages/module-not-found


⨯ ./lib/i18n.tsx:15:1
Module not found: Can't resolve '@/messages/zh.json'
  [90m13 |[0m [36mconst[0m [33mTranslationContext[0m = createContext<[33mTranslationContextType[0m | [36mnull[0m>([36mnull[0m);
  [90m14 |[0m
[31m[1m>[0m [90m15 |[0m [36mimport[0m zhMessages [36mfrom[0m [32m"@/messages/zh.json"[0m;
  [90m   |[0m [31m[1m^^^^^^^^^^^^^^^^^^^^^^^^^^^^^^^^^^^^^^^^^^^^[0m
  [90m16 |[0m [36mimport[0m enMessages [36mfrom[0m [32m"@/messages/en.json"[0m;
  [90m17 |[0m
  [90m18 |[0m [36mconst[0m messages: [33mRecord[0m<[33mLocale[0m, [33mRecord[0m<string, unknown>> = {

Import map: aliased to relative './messages/zh.json' inside of [project]/


Import trace:
  Server Component:
    ./lib/i18n.tsx
    ./app/layout.tsx

https://nextjs.org/docs/messages/module-not-found


⨯ ./lib/i18n.tsx:15:1
Module not found: Can't resolve '@/messages/zh.json'
  [90m13 |[0m [36mconst[0m [33mTranslationContext[0m = createContext<[33mTranslationContextType[0m | [36mnull[0m>([36mnull[0m);
  [90m14 |[0m
[31m[1m>[0m [90m15 |[0m [36mimport[0m zhMessages [36mfrom[0m [32m"@/messages/zh.json"[0m;
  [90m   |[0m [31m[1m^^^^^^^^^^^^^^^^^^^^^^^^^^^^^^^^^^^^^^^^^^^^[0m
  [90m16 |[0m [36mimport[0m enMessages [36mfrom[0m [32m"@/messages/en.json"[0m;
  [90m17 |[0m
  [90m18 |[0m [36mconst[0m messages: [33mRecord[0m<[33mLocale[0m, [33mRecord[0m<string, unknown>> = {

Import map: aliased to relative './messages/zh.json' inside of [project]/


Import trace:
  Server Component:
    ./lib/i18n.tsx
    ./app/layout.tsx

https://nextjs.org/docs/messages/module-not-found


⨯ ./lib/i18n.tsx:15:1
Module not found: Can't resolve '@/messages/zh.json'
  [90m13 |[0m [36mconst[0m [33mTranslationContext[0m = createContext<[33mTranslationContextType[0m | [36mnull[0m>([36mnull[0m);
  [90m14 |[0m
[31m[1m>[0m [90m15 |[0m [36mimport[0m zhMessages [36mfrom[0m [32m"@/messages/zh.json"[0m;
  [90m   |[0m [31m[1m^^^^^^^^^^^^^^^^^^^^^^^^^^^^^^^^^^^^^^^^^^^^[0m
  [90m16 |[0m [36mimport[0m enMessages [36mfrom[0m [32m"@/messages/en.json"[0m;
  [90m17 |[0m
  [90m18 |[0m [36mconst[0m messages: [33mRecord[0m<[33mLocale[0m, [33mRecord[0m<string, unknown>> = {

Import map: aliased to relative './messages/zh.json' inside of [project]/


Import trace:
  Server Component:
    ./lib/i18n.tsx
    ./app/layout.tsx

https://nextjs.org/docs/messages/module-not-found


⨯ ./lib/i18n.tsx:15:1
Module not found: Can't resolve '@/messages/zh.json'
  [90m13 |[0m [36mconst[0m [33mTranslationContext[0m = createContext<[33mTranslationContextType[0m | [36mnull[0m>([36mnull[0m);
  [90m14 |[0m
[31m[1m>[0m [90m15 |[0m [36mimport[0m zhMessages [36mfrom[0m [32m"@/messages/zh.json"[0m;
  [90m   |[0m [31m[1m^^^^^^^^^^^^^^^^^^^^^^^^^^^^^^^^^^^^^^^^^^^^[0m
  [90m16 |[0m [36mimport[0m enMessages [36mfrom[0m [32m"@/messages/en.json"[0m;
  [90m17 |[0m
  [90m18 |[0m [36mconst[0m messages: [33mRecord[0m<[33mLocale[0m, [33mRecord[0m<string, unknown>> = {

Import map: aliased to relative './messages/zh.json' inside of [project]/


Import trace:
  Server Component:
    ./lib/i18n.tsx
    ./app/layout.tsx

https://nextjs.org/docs/messages/module-not-found


⨯ ./app/layout.tsx:6:1
Module not found: Can't resolve '@/components/ui/LanguageSwitcher'
  [90m4 |[0m [36mimport[0m [33mPageTransition[0m [36mfrom[0m [32m"@/components/PageTransition"[0m;
  [90m5 |[0m [36mimport[0m { [33mTranslationProvider[0m } [36mfrom[0m [32m"@/lib/i18n"[0m;
[31m[1m>[0m [90m6 |[0m [36mimport[0m [33mLanguageSwitcher[0m [36mfrom[0m [32m"@/components/ui/LanguageSwitcher"[0m;
  [90m  |[0m [31m[1m^^^^^^^^^^^^^^^^^^^^^^^^^^^^^^^^^^^^^^^^^^^^^^^^^^^^^^^^^^^^^^^^[0m
  [90m7 |[0m [36mimport[0m [32m"./globals.css"[0m;
  [90m8 |[0m
  [90m9 |[0m [36mconst[0m inter = [33mInter[0m({

Import map: aliased to relative './components/ui/LanguageSwitcher' inside of [project]/


https://nextjs.org/docs/messages/module-not-found


⨯ ./app/layout.tsx:6:1
Module not found: Can't resolve '@/components/ui/LanguageSwitcher'
  [90m4 |[0m [36mimport[0m [33mPageTransition[0m [36mfrom[0m [32m"@/components/PageTransition"[0m;
  [90m5 |[0m [36mimport[0m { [33mTranslationProvider[0m } [36mfrom[0m [32m"@/lib/i18n"[0m;
[31m[1m>[0m [90m6 |[0m [36mimport[0m [33mLanguageSwitcher[0m [36mfrom[0m [32m"@/components/ui/LanguageSwitcher"[0m;
  [90m  |[0m [31m[1m^^^^^^^^^^^^^^^^^^^^^^^^^^^^^^^^^^^^^^^^^^^^^^^^^^^^^^^^^^^^^^^^[0m
  [90m7 |[0m [36mimport[0m [32m"./globals.css"[0m;
  [90m8 |[0m
  [90m9 |[0m [36mconst[0m inter = [33mInter[0m({

Import map: aliased to relative './components/ui/LanguageSwitcher' inside of [project]/


https://nextjs.org/docs/messages/module-not-found


⨯ ./lib/i18n.tsx:16:1
Module not found: Can't resolve '@/messages/en.json'
  [90m14 |[0m
  [90m15 |[0m [36mimport[0m zhMessages [36mfrom[0m [32m"@/messages/zh.json"[0m;
[31m[1m>[0m [90m16 |[0m [36mimport[0m enMessages [36mfrom[0m [32m"@/messages/en.json"[0m;
  [90m   |[0m [31m[1m^^^^^^^^^^^^^^^^^^^^^^^^^^^^^^^^^^^^^^^^^^^^[0m
  [90m17 |[0m
  [90m18 |[0m [36mconst[0m messages: [33mRecord[0m<[33mLocale[0m, [33mRecord[0m<string, unknown>> = {
  [90m19 |[0m   zh: zhMessages [36mas[0m [33mRecord[0m<string, unknown>,

Import map: aliased to relative './messages/en.json' inside of [project]/


Import trace:
  Server Component:
    ./lib/i18n.tsx
    ./app/layout.tsx

https://nextjs.org/docs/messages/module-not-found


⨯ ./lib/i18n.tsx:16:1
Module not found: Can't resolve '@/messages/en.json'
  [90m14 |[0m
  [90m15 |[0m [36mimport[0m zhMessages [36mfrom[0m [32m"@/messages/zh.json"[0m;
[31m[1m>[0m [90m16 |[0m [36mimport[0m enMessages [36mfrom[0m [32m"@/messages/en.json"[0m;
  [90m   |[0m [31m[1m^^^^^^^^^^^^^^^^^^^^^^^^^^^^^^^^^^^^^^^^^^^^[0m
  [90m17 |[0m
  [90m18 |[0m [36mconst[0m messages: [33mRecord[0m<[33mLocale[0m, [33mRecord[0m<string, unknown>> = {
  [90m19 |[0m   zh: zhMessages [36mas[0m [33mRecord[0m<string, unknown>,

Import map: aliased to relative './messages/en.json' inside of [project]/


Import trace:
  Server Component:
    ./lib/i18n.tsx
    ./app/layout.tsx

https://nextjs.org/docs/messages/module-not-found


⨯ ./lib/i18n.tsx:16:1
Module not found: Can't resolve '@/messages/en.json'
  [90m14 |[0m
  [90m15 |[0m [36mimport[0m zhMessages [36mfrom[0m [32m"@/messages/zh.json"[0m;
[31m[1m>[0m [90m16 |[0m [36mimport[0m enMessages [36mfrom[0m [32m"@/messages/en.json"[0m;
  [90m   |[0m [31m[1m^^^^^^^^^^^^^^^^^^^^^^^^^^^^^^^^^^^^^^^^^^^^[0m
  [90m17 |[0m
  [90m18 |[0m [36mconst[0m messages: [33mRecord[0m<[33mLocale[0m, [33mRecord[0m<string, unknown>> = {
  [90m19 |[0m   zh: zhMessages [36mas[0m [33mRecord[0m<string, unknown>,

Import map: aliased to relative './messages/en.json' inside of [project]/


Import trace:
  Server Component:
    ./lib/i18n.tsx
    ./app/layout.tsx

https://nextjs.org/docs/messages/module-not-found


⨯ ./lib/i18n.tsx:16:1
Module not found: Can't resolve '@/messages/en.json'
  [90m14 |[0m
  [90m15 |[0m [36mimport[0m zhMessages [36mfrom[0m [32m"@/messages/zh.json"[0m;
[31m[1m>[0m [90m16 |[0m [36mimport[0m enMessages [36mfrom[0m [32m"@/messages/en.json"[0m;
  [90m   |[0m [31m[1m^^^^^^^^^^^^^^^^^^^^^^^^^^^^^^^^^^^^^^^^^^^^[0m
  [90m17 |[0m
  [90m18 |[0m [36mconst[0m messages: [33mRecord[0m<[33mLocale[0m, [33mRecord[0m<string, unknown>> = {
  [90m19 |[0m   zh: zhMessages [36mas[0m [33mRecord[0m<string, unknown>,

Import map: aliased to relative './messages/en.json' inside of [project]/


Import trace:
  Server Component:
    ./lib/i18n.tsx
    ./app/layout.tsx

https://nextjs.org/docs/messages/module-not-found


⨯ ./lib/i18n.tsx:15:1
Module not found: Can't resolve '@/messages/zh.json'
  [90m13 |[0m [36mconst[0m [33mTranslationContext[0m = createContext<[33mTranslationContextType[0m | [36mnull[0m>([36mnull[0m);
  [90m14 |[0m
[31m[1m>[0m [90m15 |[0m [36mimport[0m zhMessages [36mfrom[0m [32m"@/messages/zh.json"[0m;
  [90m   |[0m [31m[1m^^^^^^^^^^^^^^^^^^^^^^^^^^^^^^^^^^^^^^^^^^^^[0m
  [90m16 |[0m [36mimport[0m enMessages [36mfrom[0m [32m"@/messages/en.json"[0m;
  [90m17 |[0m
  [90m18 |[0m [36mconst[0m messages: [33mRecord[0m<[33mLocale[0m, [33mRecord[0m<string, unknown>> = {

Import map: aliased to relative './messages/zh.json' inside of [project]/


Import trace:
  Server Component:
    ./lib/i18n.tsx
    ./app/layout.tsx

https://nextjs.org/docs/messages/module-not-found


⨯ ./lib/i18n.tsx:15:1
Module not found: Can't resolve '@/messages/zh.json'
  [90m13 |[0m [36mconst[0m [33mTranslationContext[0m = createContext<[33mTranslationContextType[0m | [36mnull[0m>([36mnull[0m);
  [90m14 |[0m
[31m[1m>[0m [90m15 |[0m [36mimport[0m zhMessages [36mfrom[0m [32m"@/messages/zh.json"[0m;
  [90m   |[0m [31m[1m^^^^^^^^^^^^^^^^^^^^^^^^^^^^^^^^^^^^^^^^^^^^[0m
  [90m16 |[0m [36mimport[0m enMessages [36mfrom[0m [32m"@/messages/en.json"[0m;
  [90m17 |[0m
  [90m18 |[0m [36mconst[0m messages: [33mRecord[0m<[33mLocale[0m, [33mRecord[0m<string, unknown>> = {

Import map: aliased to relative './messages/zh.json' inside of [project]/


Import trace:
  Server Component:
    ./lib/i18n.tsx
    ./app/layout.tsx

https://nextjs.org/docs/messages/module-not-found


⨯ ./lib/i18n.tsx:15:1
Module not found: Can't resolve '@/messages/zh.json'
  [90m13 |[0m [36mconst[0m [33mTranslationContext[0m = createContext<[33mTranslationContextType[0m | [36mnull[0m>([36mnull[0m);
  [90m14 |[0m
[31m[1m>[0m [90m15 |[0m [36mimport[0m zhMessages [36mfrom[0m [32m"@/messages/zh.json"[0m;
  [90m   |[0m [31m[1m^^^^^^^^^^^^^^^^^^^^^^^^^^^^^^^^^^^^^^^^^^^^[0m
  [90m16 |[0m [36mimport[0m enMessages [36mfrom[0m [32m"@/messages/en.json"[0m;
  [90m17 |[0m
  [90m18 |[0m [36mconst[0m messages: [33mRecord[0m<[33mLocale[0m, [33mRecord[0m<string, unknown>> = {

Import map: aliased to relative './messages/zh.json' inside of [project]/


Import trace:
  Server Component:
    ./lib/i18n.tsx
    ./app/layout.tsx

https://nextjs.org/docs/messages/module-not-found


⨯ ./lib/i18n.tsx:15:1
Module not found: Can't resolve '@/messages/zh.json'
  [90m13 |[0m [36mconst[0m [33mTranslationContext[0m = createContext<[33mTranslationContextType[0m | [36mnull[0m>([36mnull[0m);
  [90m14 |[0m
[31m[1m>[0m [90m15 |[0m [36mimport[0m zhMessages [36mfrom[0m [32m"@/messages/zh.json"[0m;
  [90m   |[0m [31m[1m^^^^^^^^^^^^^^^^^^^^^^^^^^^^^^^^^^^^^^^^^^^^[0m
  [90m16 |[0m [36mimport[0m enMessages [36mfrom[0m [32m"@/messages/en.json"[0m;
  [90m17 |[0m
  [90m18 |[0m [36mconst[0m messages: [33mRecord[0m<[33mLocale[0m, [33mRecord[0m<string, unknown>> = {

Import map: aliased to relative './messages/zh.json' inside of [project]/


Import trace:
  Server Component:
    ./lib/i18n.tsx
    ./app/layout.tsx

https://nextjs.org/docs/messages/module-not-found


⨯ ./app/layout.tsx:6:1
Module not found: Can't resolve '@/components/ui/LanguageSwitcher'
  [90m4 |[0m [36mimport[0m [33mPageTransition[0m [36mfrom[0m [32m"@/components/PageTransition"[0m;
  [90m5 |[0m [36mimport[0m { [33mTranslationProvider[0m } [36mfrom[0m [32m"@/lib/i18n"[0m;
[31m[1m>[0m [90m6 |[0m [36mimport[0m [33mLanguageSwitcher[0m [36mfrom[0m [32m"@/components/ui/LanguageSwitcher"[0m;
  [90m  |[0m [31m[1m^^^^^^^^^^^^^^^^^^^^^^^^^^^^^^^^^^^^^^^^^^^^^^^^^^^^^^^^^^^^^^^^[0m
  [90m7 |[0m [36mimport[0m [32m"./globals.css"[0m;
  [90m8 |[0m
  [90m9 |[0m [36mconst[0m inter = [33mInter[0m({

Import map: aliased to relative './components/ui/LanguageSwitcher' inside of [project]/


https://nextjs.org/docs/messages/module-not-found


⨯ ./app/layout.tsx:6:1
Module not found: Can't resolve '@/components/ui/LanguageSwitcher'
  [90m4 |[0m [36mimport[0m [33mPageTransition[0m [36mfrom[0m [32m"@/components/PageTransition"[0m;
  [90m5 |[0m [36mimport[0m { [33mTranslationProvider[0m } [36mfrom[0m [32m"@/lib/i18n"[0m;
[31m[1m>[0m [90m6 |[0m [36mimport[0m [33mLanguageSwitcher[0m [36mfrom[0m [32m"@/components/ui/LanguageSwitcher"[0m;
  [90m  |[0m [31m[1m^^^^^^^^^^^^^^^^^^^^^^^^^^^^^^^^^^^^^^^^^^^^^^^^^^^^^^^^^^^^^^^^[0m
  [90m7 |[0m [36mimport[0m [32m"./globals.css"[0m;
  [90m8 |[0m
  [90m9 |[0m [36mconst[0m inter = [33mInter[0m({

Import map: aliased to relative './components/ui/LanguageSwitcher' inside of [project]/


https://nextjs.org/docs/messages/module-not-found


⨯ ./lib/i18n.tsx:16:1
Module not found: Can't resolve '@/messages/en.json'
  [90m14 |[0m
  [90m15 |[0m [36mimport[0m zhMessages [36mfrom[0m [32m"@/messages/zh.json"[0m;
[31m[1m>[0m [90m16 |[0m [36mimport[0m enMessages [36mfrom[0m [32m"@/messages/en.json"[0m;
  [90m   |[0m [31m[1m^^^^^^^^^^^^^^^^^^^^^^^^^^^^^^^^^^^^^^^^^^^^[0m
  [90m17 |[0m
  [90m18 |[0m [36mconst[0m messages: [33mRecord[0m<[33mLocale[0m, [33mRecord[0m<string, unknown>> = {
  [90m19 |[0m   zh: zhMessages [36mas[0m [33mRecord[0m<string, unknown>,

Import map: aliased to relative './messages/en.json' inside of [project]/


Import traces:
  Server Component:
    ./lib/i18n.tsx
    ./app/layout.tsx

  Client Component Browser:
    ./lib/i18n.tsx [Client Component Browser]
    ./app/page.tsx [Client Component Browser]
    ./app/page.tsx [Server Component]

  Client Component SSR:
    ./lib/i18n.tsx [Client Component SSR]
    ./app/page.tsx [Client Component SSR]
    ./app/page.tsx [Server Component]

https://nextjs.org/docs/messages/module-not-found


⨯ ./lib/i18n.tsx:16:1
Module not found: Can't resolve '@/messages/en.json'
  [90m14 |[0m
  [90m15 |[0m [36mimport[0m zhMessages [36mfrom[0m [32m"@/messages/zh.json"[0m;
[31m[1m>[0m [90m16 |[0m [36mimport[0m enMessages [36mfrom[0m [32m"@/messages/en.json"[0m;
  [90m   |[0m [31m[1m^^^^^^^^^^^^^^^^^^^^^^^^^^^^^^^^^^^^^^^^^^^^[0m
  [90m17 |[0m
  [90m18 |[0m [36mconst[0m messages: [33mRecord[0m<[33mLocale[0m, [33mRecord[0m<string, unknown>> = {
  [90m19 |[0m   zh: zhMessages [36mas[0m [33mRecord[0m<string, unknown>,

Import map: aliased to relative './messages/en.json' inside of [project]/


Import traces:
  Server Component:
    ./lib/i18n.tsx
    ./app/layout.tsx

  Client Component Browser:
    ./lib/i18n.tsx [Client Component Browser]
    ./app/page.tsx [Client Component Browser]
    ./app/page.tsx [Server Component]

  Client Component SSR:
    ./lib/i18n.tsx [Client Component SSR]
    ./app/page.tsx [Client Component SSR]
    ./app/page.tsx [Server Component]

https://nextjs.org/docs/messages/module-not-found


⨯ ./lib/i18n.tsx:16:1
Module not found: Can't resolve '@/messages/en.json'
  [90m14 |[0m
  [90m15 |[0m [36mimport[0m zhMessages [36mfrom[0m [32m"@/messages/zh.json"[0m;
[31m[1m>[0m [90m16 |[0m [36mimport[0m enMessages [36mfrom[0m [32m"@/messages/en.json"[0m;
  [90m   |[0m [31m[1m^^^^^^^^^^^^^^^^^^^^^^^^^^^^^^^^^^^^^^^^^^^^[0m
  [90m17 |[0m
  [90m18 |[0m [36mconst[0m messages: [33mRecord[0m<[33mLocale[0m, [33mRecord[0m<string, unknown>> = {
  [90m19 |[0m   zh: zhMessages [36mas[0m [33mRecord[0m<string, unknown>,

Import map: aliased to relative './messages/en.json' inside of [project]/


Import traces:
  Server Component:
    ./lib/i18n.tsx
    ./app/layout.tsx

  Client Component Browser:
    ./lib/i18n.tsx [Client Component Browser]
    ./app/page.tsx [Client Component Browser]
    ./app/page.tsx [Server Component]

  Client Component SSR:
    ./lib/i18n.tsx [Client Component SSR]
    ./app/page.tsx [Client Component SSR]
    ./app/page.tsx [Server Component]

https://nextjs.org/docs/messages/module-not-found


⨯ ./lib/i18n.tsx:16:1
Module not found: Can't resolve '@/messages/en.json'
  [90m14 |[0m
  [90m15 |[0m [36mimport[0m zhMessages [36mfrom[0m [32m"@/messages/zh.json"[0m;
[31m[1m>[0m [90m16 |[0m [36mimport[0m enMessages [36mfrom[0m [32m"@/messages/en.json"[0m;
  [90m   |[0m [31m[1m^^^^^^^^^^^^^^^^^^^^^^^^^^^^^^^^^^^^^^^^^^^^[0m
  [90m17 |[0m
  [90m18 |[0m [36mconst[0m messages: [33mRecord[0m<[33mLocale[0m, [33mRecord[0m<string, unknown>> = {
  [90m19 |[0m   zh: zhMessages [36mas[0m [33mRecord[0m<string, unknown>,

Import map: aliased to relative './messages/en.json' inside of [project]/


Import traces:
  Server Component:
    ./lib/i18n.tsx
    ./app/layout.tsx

  Client Component Browser:
    ./lib/i18n.tsx [Client Component Browser]
    ./app/page.tsx [Client Component Browser]
    ./app/page.tsx [Server Component]

  Client Component SSR:
    ./lib/i18n.tsx [Client Component SSR]
    ./app/page.tsx [Client Component SSR]
    ./app/page.tsx [Server Component]

https://nextjs.org/docs/messages/module-not-found


⨯ ./lib/i18n.tsx:15:1
Module not found: Can't resolve '@/messages/zh.json'
  [90m13 |[0m [36mconst[0m [33mTranslationContext[0m = createContext<[33mTranslationContextType[0m | [36mnull[0m>([36mnull[0m);
  [90m14 |[0m
[31m[1m>[0m [90m15 |[0m [36mimport[0m zhMessages [36mfrom[0m [32m"@/messages/zh.json"[0m;
  [90m   |[0m [31m[1m^^^^^^^^^^^^^^^^^^^^^^^^^^^^^^^^^^^^^^^^^^^^[0m
  [90m16 |[0m [36mimport[0m enMessages [36mfrom[0m [32m"@/messages/en.json"[0m;
  [90m17 |[0m
  [90m18 |[0m [36mconst[0m messages: [33mRecord[0m<[33mLocale[0m, [33mRecord[0m<string, unknown>> = {

Import map: aliased to relative './messages/zh.json' inside of [project]/


Import traces:
  Server Component:
    ./lib/i18n.tsx
    ./app/layout.tsx

  Client Component Browser:
    ./lib/i18n.tsx [Client Component Browser]
    ./app/page.tsx [Client Component Browser]
    ./app/page.tsx [Server Component]

  Client Component SSR:
    ./lib/i18n.tsx [Client Component SSR]
    ./app/page.tsx [Client Component SSR]
    ./app/page.tsx [Server Component]

https://nextjs.org/docs/messages/module-not-found


⨯ ./lib/i18n.tsx:15:1
Module not found: Can't resolve '@/messages/zh.json'
  [90m13 |[0m [36mconst[0m [33mTranslationContext[0m = createContext<[33mTranslationContextType[0m | [36mnull[0m>([36mnull[0m);
  [90m14 |[0m
[31m[1m>[0m [90m15 |[0m [36mimport[0m zhMessages [36mfrom[0m [32m"@/messages/zh.json"[0m;
  [90m   |[0m [31m[1m^^^^^^^^^^^^^^^^^^^^^^^^^^^^^^^^^^^^^^^^^^^^[0m
  [90m16 |[0m [36mimport[0m enMessages [36mfrom[0m [32m"@/messages/en.json"[0m;
  [90m17 |[0m
  [90m18 |[0m [36mconst[0m messages: [33mRecord[0m<[33mLocale[0m, [33mRecord[0m<string, unknown>> = {

Import map: aliased to relative './messages/zh.json' inside of [project]/


Import traces:
  Server Component:
    ./lib/i18n.tsx
    ./app/layout.tsx

  Client Component Browser:
    ./lib/i18n.tsx [Client Component Browser]
    ./app/page.tsx [Client Component Browser]
    ./app/page.tsx [Server Component]

  Client Component SSR:
    ./lib/i18n.tsx [Client Component SSR]
    ./app/page.tsx [Client Component SSR]
    ./app/page.tsx [Server Component]

https://nextjs.org/docs/messages/module-not-found


⨯ ./lib/i18n.tsx:15:1
Module not found: Can't resolve '@/messages/zh.json'
  [90m13 |[0m [36mconst[0m [33mTranslationContext[0m = createContext<[33mTranslationContextType[0m | [36mnull[0m>([36mnull[0m);
  [90m14 |[0m
[31m[1m>[0m [90m15 |[0m [36mimport[0m zhMessages [36mfrom[0m [32m"@/messages/zh.json"[0m;
  [90m   |[0m [31m[1m^^^^^^^^^^^^^^^^^^^^^^^^^^^^^^^^^^^^^^^^^^^^[0m
  [90m16 |[0m [36mimport[0m enMessages [36mfrom[0m [32m"@/messages/en.json"[0m;
  [90m17 |[0m
  [90m18 |[0m [36mconst[0m messages: [33mRecord[0m<[33mLocale[0m, [33mRecord[0m<string, unknown>> = {

Import map: aliased to relative './messages/zh.json' inside of [project]/


Import traces:
  Server Component:
    ./lib/i18n.tsx
    ./app/layout.tsx

  Client Component Browser:
    ./lib/i18n.tsx [Client Component Browser]
    ./app/page.tsx [Client Component Browser]
    ./app/page.tsx [Server Component]

  Client Component SSR:
    ./lib/i18n.tsx [Client Component SSR]
    ./app/page.tsx [Client Component SSR]
    ./app/page.tsx [Server Component]

https://nextjs.org/docs/messages/module-not-found


⨯ ./lib/i18n.tsx:15:1
Module not found: Can't resolve '@/messages/zh.json'
  [90m13 |[0m [36mconst[0m [33mTranslationContext[0m = createContext<[33mTranslationContextType[0m | [36mnull[0m>([36mnull[0m);
  [90m14 |[0m
[31m[1m>[0m [90m15 |[0m [36mimport[0m zhMessages [36mfrom[0m [32m"@/messages/zh.json"[0m;
  [90m   |[0m [31m[1m^^^^^^^^^^^^^^^^^^^^^^^^^^^^^^^^^^^^^^^^^^^^[0m
  [90m16 |[0m [36mimport[0m enMessages [36mfrom[0m [32m"@/messages/en.json"[0m;
  [90m17 |[0m
  [90m18 |[0m [36mconst[0m messages: [33mRecord[0m<[33mLocale[0m, [33mRecord[0m<string, unknown>> = {

Import map: aliased to relative './messages/zh.json' inside of [project]/


Import traces:
  Server Component:
    ./lib/i18n.tsx
    ./app/layout.tsx

  Client Component Browser:
    ./lib/i18n.tsx [Client Component Browser]
    ./app/page.tsx [Client Component Browser]
    ./app/page.tsx [Server Component]

  Client Component SSR:
    ./lib/i18n.tsx [Client Component SSR]
    ./app/page.tsx [Client Component SSR]
    ./app/page.tsx [Server Component]

https://nextjs.org/docs/messages/module-not-found


⨯ ./app/layout.tsx:6:1
Module not found: Can't resolve '@/components/ui/LanguageSwitcher'
  [90m4 |[0m [36mimport[0m [33mPageTransition[0m [36mfrom[0m [32m"@/components/PageTransition"[0m;
  [90m5 |[0m [36mimport[0m { [33mTranslationProvider[0m } [36mfrom[0m [32m"@/lib/i18n"[0m;
[31m[1m>[0m [90m6 |[0m [36mimport[0m [33mLanguageSwitcher[0m [36mfrom[0m [32m"@/components/ui/LanguageSwitcher"[0m;
  [90m  |[0m [31m[1m^^^^^^^^^^^^^^^^^^^^^^^^^^^^^^^^^^^^^^^^^^^^^^^^^^^^^^^^^^^^^^^^[0m
  [90m7 |[0m [36mimport[0m [32m"./globals.css"[0m;
  [90m8 |[0m
  [90m9 |[0m [36mconst[0m inter = [33mInter[0m({

Import map: aliased to relative './components/ui/LanguageSwitcher' inside of [project]/


https://nextjs.org/docs/messages/module-not-found


⨯ ./app/layout.tsx:6:1
Module not found: Can't resolve '@/components/ui/LanguageSwitcher'
  [90m4 |[0m [36mimport[0m [33mPageTransition[0m [36mfrom[0m [32m"@/components/PageTransition"[0m;
  [90m5 |[0m [36mimport[0m { [33mTranslationProvider[0m } [36mfrom[0m [32m"@/lib/i18n"[0m;
[31m[1m>[0m [90m6 |[0m [36mimport[0m [33mLanguageSwitcher[0m [36mfrom[0m [32m"@/components/ui/LanguageSwitcher"[0m;
  [90m  |[0m [31m[1m^^^^^^^^^^^^^^^^^^^^^^^^^^^^^^^^^^^^^^^^^^^^^^^^^^^^^^^^^^^^^^^^[0m
  [90m7 |[0m [36mimport[0m [32m"./globals.css"[0m;
  [90m8 |[0m
  [90m9 |[0m [36mconst[0m inter = [33mInter[0m({

Import map: aliased to relative './components/ui/LanguageSwitcher' inside of [project]/


https://nextjs.org/docs/messages/module-not-found


⨯ ./lib/i18n.tsx:16:1
Module not found: Can't resolve '@/messages/en.json'
  [90m14 |[0m
  [90m15 |[0m [36mimport[0m zhMessages [36mfrom[0m [32m"@/messages/zh.json"[0m;
[31m[1m>[0m [90m16 |[0m [36mimport[0m enMessages [36mfrom[0m [32m"@/messages/en.json"[0m;
  [90m   |[0m [31m[1m^^^^^^^^^^^^^^^^^^^^^^^^^^^^^^^^^^^^^^^^^^^^[0m
  [90m17 |[0m
  [90m18 |[0m [36mconst[0m messages: [33mRecord[0m<[33mLocale[0m, [33mRecord[0m<string, unknown>> = {
  [90m19 |[0m   zh: zhMessages [36mas[0m [33mRecord[0m<string, unknown>,

Import map: aliased to relative './messages/en.json' inside of [project]/


Import trace:
  Server Component:
    ./lib/i18n.tsx
    ./app/layout.tsx

https://nextjs.org/docs/messages/module-not-found


⨯ ./lib/i18n.tsx:16:1
Module not found: Can't resolve '@/messages/en.json'
  [90m14 |[0m
  [90m15 |[0m [36mimport[0m zhMessages [36mfrom[0m [32m"@/messages/zh.json"[0m;
[31m[1m>[0m [90m16 |[0m [36mimport[0m enMessages [36mfrom[0m [32m"@/messages/en.json"[0m;
  [90m   |[0m [31m[1m^^^^^^^^^^^^^^^^^^^^^^^^^^^^^^^^^^^^^^^^^^^^[0m
  [90m17 |[0m
  [90m18 |[0m [36mconst[0m messages: [33mRecord[0m<[33mLocale[0m, [33mRecord[0m<string, unknown>> = {
  [90m19 |[0m   zh: zhMessages [36mas[0m [33mRecord[0m<string, unknown>,

Import map: aliased to relative './messages/en.json' inside of [project]/


Import trace:
  Server Component:
    ./lib/i18n.tsx
    ./app/layout.tsx

https://nextjs.org/docs/messages/module-not-found


⨯ ./lib/i18n.tsx:16:1
Module not found: Can't resolve '@/messages/en.json'
  [90m14 |[0m
  [90m15 |[0m [36mimport[0m zhMessages [36mfrom[0m [32m"@/messages/zh.json"[0m;
[31m[1m>[0m [90m16 |[0m [36mimport[0m enMessages [36mfrom[0m [32m"@/messages/en.json"[0m;
  [90m   |[0m [31m[1m^^^^^^^^^^^^^^^^^^^^^^^^^^^^^^^^^^^^^^^^^^^^[0m
  [90m17 |[0m
  [90m18 |[0m [36mconst[0m messages: [33mRecord[0m<[33mLocale[0m, [33mRecord[0m<string, unknown>> = {
  [90m19 |[0m   zh: zhMessages [36mas[0m [33mRecord[0m<string, unknown>,

Import map: aliased to relative './messages/en.json' inside of [project]/


Import trace:
  Server Component:
    ./lib/i18n.tsx
    ./app/layout.tsx

https://nextjs.org/docs/messages/module-not-found


⨯ ./lib/i18n.tsx:16:1
Module not found: Can't resolve '@/messages/en.json'
  [90m14 |[0m
  [90m15 |[0m [36mimport[0m zhMessages [36mfrom[0m [32m"@/messages/zh.json"[0m;
[31m[1m>[0m [90m16 |[0m [36mimport[0m enMessages [36mfrom[0m [32m"@/messages/en.json"[0m;
  [90m   |[0m [31m[1m^^^^^^^^^^^^^^^^^^^^^^^^^^^^^^^^^^^^^^^^^^^^[0m
  [90m17 |[0m
  [90m18 |[0m [36mconst[0m messages: [33mRecord[0m<[33mLocale[0m, [33mRecord[0m<string, unknown>> = {
  [90m19 |[0m   zh: zhMessages [36mas[0m [33mRecord[0m<string, unknown>,

Import map: aliased to relative './messages/en.json' inside of [project]/


Import trace:
  Server Component:
    ./lib/i18n.tsx
    ./app/layout.tsx

https://nextjs.org/docs/messages/module-not-found


⨯ ./lib/i18n.tsx:15:1
Module not found: Can't resolve '@/messages/zh.json'
  [90m13 |[0m [36mconst[0m [33mTranslationContext[0m = createContext<[33mTranslationContextType[0m | [36mnull[0m>([36mnull[0m);
  [90m14 |[0m
[31m[1m>[0m [90m15 |[0m [36mimport[0m zhMessages [36mfrom[0m [32m"@/messages/zh.json"[0m;
  [90m   |[0m [31m[1m^^^^^^^^^^^^^^^^^^^^^^^^^^^^^^^^^^^^^^^^^^^^[0m
  [90m16 |[0m [36mimport[0m enMessages [36mfrom[0m [32m"@/messages/en.json"[0m;
  [90m17 |[0m
  [90m18 |[0m [36mconst[0m messages: [33mRecord[0m<[33mLocale[0m, [33mRecord[0m<string, unknown>> = {

Import map: aliased to relative './messages/zh.json' inside of [project]/


Import trace:
  Server Component:
    ./lib/i18n.tsx
    ./app/layout.tsx

https://nextjs.org/docs/messages/module-not-found


⨯ ./lib/i18n.tsx:15:1
Module not found: Can't resolve '@/messages/zh.json'
  [90m13 |[0m [36mconst[0m [33mTranslationContext[0m = createContext<[33mTranslationContextType[0m | [36mnull[0m>([36mnull[0m);
  [90m14 |[0m
[31m[1m>[0m [90m15 |[0m [36mimport[0m zhMessages [36mfrom[0m [32m"@/messages/zh.json"[0m;
  [90m   |[0m [31m[1m^^^^^^^^^^^^^^^^^^^^^^^^^^^^^^^^^^^^^^^^^^^^[0m
  [90m16 |[0m [36mimport[0m enMessages [36mfrom[0m [32m"@/messages/en.json"[0m;
  [90m17 |[0m
  [90m18 |[0m [36mconst[0m messages: [33mRecord[0m<[33mLocale[0m, [33mRecord[0m<string, unknown>> = {

Import map: aliased to relative './messages/zh.json' inside of [project]/


Import trace:
  Server Component:
    ./lib/i18n.tsx
    ./app/layout.tsx

https://nextjs.org/docs/messages/module-not-found


⨯ ./lib/i18n.tsx:15:1
Module not found: Can't resolve '@/messages/zh.json'
  [90m13 |[0m [36mconst[0m [33mTranslationContext[0m = createContext<[33mTranslationContextType[0m | [36mnull[0m>([36mnull[0m);
  [90m14 |[0m
[31m[1m>[0m [90m15 |[0m [36mimport[0m zhMessages [36mfrom[0m [32m"@/messages/zh.json"[0m;
  [90m   |[0m [31m[1m^^^^^^^^^^^^^^^^^^^^^^^^^^^^^^^^^^^^^^^^^^^^[0m
  [90m16 |[0m [36mimport[0m enMessages [36mfrom[0m [32m"@/messages/en.json"[0m;
  [90m17 |[0m
  [90m18 |[0m [36mconst[0m messages: [33mRecord[0m<[33mLocale[0m, [33mRecord[0m<string, unknown>> = {

Import map: aliased to relative './messages/zh.json' inside of [project]/


Import trace:
  Server Component:
    ./lib/i18n.tsx
    ./app/layout.tsx

https://nextjs.org/docs/messages/module-not-found


⨯ ./lib/i18n.tsx:15:1
Module not found: Can't resolve '@/messages/zh.json'
  [90m13 |[0m [36mconst[0m [33mTranslationContext[0m = createContext<[33mTranslationContextType[0m | [36mnull[0m>([36mnull[0m);
  [90m14 |[0m
[31m[1m>[0m [90m15 |[0m [36mimport[0m zhMessages [36mfrom[0m [32m"@/messages/zh.json"[0m;
  [90m   |[0m [31m[1m^^^^^^^^^^^^^^^^^^^^^^^^^^^^^^^^^^^^^^^^^^^^[0m
  [90m16 |[0m [36mimport[0m enMessages [36mfrom[0m [32m"@/messages/en.json"[0m;
  [90m17 |[0m
  [90m18 |[0m [36mconst[0m messages: [33mRecord[0m<[33mLocale[0m, [33mRecord[0m<string, unknown>> = {

Import map: aliased to relative './messages/zh.json' inside of [project]/


Import trace:
  Server Component:
    ./lib/i18n.tsx
    ./app/layout.tsx

https://nextjs.org/docs/messages/module-not-found


⨯ ./lib/i18n.tsx:16:1
Module not found: Can't resolve '@/messages/en.json'
  [90m14 |[0m
  [90m15 |[0m [36mimport[0m zhMessages [36mfrom[0m [32m"@/messages/zh.json"[0m;
[31m[1m>[0m [90m16 |[0m [36mimport[0m enMessages [36mfrom[0m [32m"@/messages/en.json"[0m;
  [90m   |[0m [31m[1m^^^^^^^^^^^^^^^^^^^^^^^^^^^^^^^^^^^^^^^^^^^^[0m
  [90m17 |[0m
  [90m18 |[0m [36mconst[0m messages: [33mRecord[0m<[33mLocale[0m, [33mRecord[0m<string, unknown>> = {
  [90m19 |[0m   zh: zhMessages [36mas[0m [33mRecord[0m<string, unknown>,

Import map: aliased to relative './messages/en.json' inside of [project]/


Import trace:
  Server Component:
    ./lib/i18n.tsx
    ./app/layout.tsx

https://nextjs.org/docs/messages/module-not-found


⨯ ./lib/i18n.tsx:16:1
Module not found: Can't resolve '@/messages/en.json'
  [90m14 |[0m
  [90m15 |[0m [36mimport[0m zhMessages [36mfrom[0m [32m"@/messages/zh.json"[0m;
[31m[1m>[0m [90m16 |[0m [36mimport[0m enMessages [36mfrom[0m [32m"@/messages/en.json"[0m;
  [90m   |[0m [31m[1m^^^^^^^^^^^^^^^^^^^^^^^^^^^^^^^^^^^^^^^^^^^^[0m
  [90m17 |[0m
  [90m18 |[0m [36mconst[0m messages: [33mRecord[0m<[33mLocale[0m, [33mRecord[0m<string, unknown>> = {
  [90m19 |[0m   zh: zhMessages [36mas[0m [33mRecord[0m<string, unknown>,

Import map: aliased to relative './messages/en.json' inside of [project]/


Import trace:
  Server Component:
    ./lib/i18n.tsx
    ./app/layout.tsx

https://nextjs.org/docs/messages/module-not-found


⨯ ./lib/i18n.tsx:16:1
Module not found: Can't resolve '@/messages/en.json'
  [90m14 |[0m
  [90m15 |[0m [36mimport[0m zhMessages [36mfrom[0m [32m"@/messages/zh.json"[0m;
[31m[1m>[0m [90m16 |[0m [36mimport[0m enMessages [36mfrom[0m [32m"@/messages/en.json"[0m;
  [90m   |[0m [31m[1m^^^^^^^^^^^^^^^^^^^^^^^^^^^^^^^^^^^^^^^^^^^^[0m
  [90m17 |[0m
  [90m18 |[0m [36mconst[0m messages: [33mRecord[0m<[33mLocale[0m, [33mRecord[0m<string, unknown>> = {
  [90m19 |[0m   zh: zhMessages [36mas[0m [33mRecord[0m<string, unknown>,

Import map: aliased to relative './messages/en.json' inside of [project]/


Import trace:
  Server Component:
    ./lib/i18n.tsx
    ./app/layout.tsx

https://nextjs.org/docs/messages/module-not-found


⨯ ./lib/i18n.tsx:16:1
Module not found: Can't resolve '@/messages/en.json'
  [90m14 |[0m
  [90m15 |[0m [36mimport[0m zhMessages [36mfrom[0m [32m"@/messages/zh.json"[0m;
[31m[1m>[0m [90m16 |[0m [36mimport[0m enMessages [36mfrom[0m [32m"@/messages/en.json"[0m;
  [90m   |[0m [31m[1m^^^^^^^^^^^^^^^^^^^^^^^^^^^^^^^^^^^^^^^^^^^^[0m
  [90m17 |[0m
  [90m18 |[0m [36mconst[0m messages: [33mRecord[0m<[33mLocale[0m, [33mRecord[0m<string, unknown>> = {
  [90m19 |[0m   zh: zhMessages [36mas[0m [33mRecord[0m<string, unknown>,

Import map: aliased to relative './messages/en.json' inside of [project]/


Import trace:
  Server Component:
    ./lib/i18n.tsx
    ./app/layout.tsx

https://nextjs.org/docs/messages/module-not-found


⨯ ./lib/i18n.tsx:15:1
Module not found: Can't resolve '@/messages/zh.json'
  [90m13 |[0m [36mconst[0m [33mTranslationContext[0m = createContext<[33mTranslationContextType[0m | [36mnull[0m>([36mnull[0m);
  [90m14 |[0m
[31m[1m>[0m [90m15 |[0m [36mimport[0m zhMessages [36mfrom[0m [32m"@/messages/zh.json"[0m;
  [90m   |[0m [31m[1m^^^^^^^^^^^^^^^^^^^^^^^^^^^^^^^^^^^^^^^^^^^^[0m
  [90m16 |[0m [36mimport[0m enMessages [36mfrom[0m [32m"@/messages/en.json"[0m;
  [90m17 |[0m
  [90m18 |[0m [36mconst[0m messages: [33mRecord[0m<[33mLocale[0m, [33mRecord[0m<string, unknown>> = {

Import map: aliased to relative './messages/zh.json' inside of [project]/


Import trace:
  Server Component:
    ./lib/i18n.tsx
    ./app/layout.tsx

https://nextjs.org/docs/messages/module-not-found


⨯ ./lib/i18n.tsx:15:1
Module not found: Can't resolve '@/messages/zh.json'
  [90m13 |[0m [36mconst[0m [33mTranslationContext[0m = createContext<[33mTranslationContextType[0m | [36mnull[0m>([36mnull[0m);
  [90m14 |[0m
[31m[1m>[0m [90m15 |[0m [36mimport[0m zhMessages [36mfrom[0m [32m"@/messages/zh.json"[0m;
  [90m   |[0m [31m[1m^^^^^^^^^^^^^^^^^^^^^^^^^^^^^^^^^^^^^^^^^^^^[0m
  [90m16 |[0m [36mimport[0m enMessages [36mfrom[0m [32m"@/messages/en.json"[0m;
  [90m17 |[0m
  [90m18 |[0m [36mconst[0m messages: [33mRecord[0m<[33mLocale[0m, [33mRecord[0m<string, unknown>> = {

Import map: aliased to relative './messages/zh.json' inside of [project]/


Import trace:
  Server Component:
    ./lib/i18n.tsx
    ./app/layout.tsx

https://nextjs.org/docs/messages/module-not-found


⨯ ./lib/i18n.tsx:15:1
Module not found: Can't resolve '@/messages/zh.json'
  [90m13 |[0m [36mconst[0m [33mTranslationContext[0m = createContext<[33mTranslationContextType[0m | [36mnull[0m>([36mnull[0m);
  [90m14 |[0m
[31m[1m>[0m [90m15 |[0m [36mimport[0m zhMessages [36mfrom[0m [32m"@/messages/zh.json"[0m;
  [90m   |[0m [31m[1m^^^^^^^^^^^^^^^^^^^^^^^^^^^^^^^^^^^^^^^^^^^^[0m
  [90m16 |[0m [36mimport[0m enMessages [36mfrom[0m [32m"@/messages/en.json"[0m;
  [90m17 |[0m
  [90m18 |[0m [36mconst[0m messages: [33mRecord[0m<[33mLocale[0m, [33mRecord[0m<string, unknown>> = {

Import map: aliased to relative './messages/zh.json' inside of [project]/


Import trace:
  Server Component:
    ./lib/i18n.tsx
    ./app/layout.tsx

https://nextjs.org/docs/messages/module-not-found


⨯ ./lib/i18n.tsx:15:1
Module not found: Can't resolve '@/messages/zh.json'
  [90m13 |[0m [36mconst[0m [33mTranslationContext[0m = createContext<[33mTranslationContextType[0m | [36mnull[0m>([36mnull[0m);
  [90m14 |[0m
[31m[1m>[0m [90m15 |[0m [36mimport[0m zhMessages [36mfrom[0m [32m"@/messages/zh.json"[0m;
  [90m   |[0m [31m[1m^^^^^^^^^^^^^^^^^^^^^^^^^^^^^^^^^^^^^^^^^^^^[0m
  [90m16 |[0m [36mimport[0m enMessages [36mfrom[0m [32m"@/messages/en.json"[0m;
  [90m17 |[0m
  [90m18 |[0m [36mconst[0m messages: [33mRecord[0m<[33mLocale[0m, [33mRecord[0m<string, unknown>> = {

Import map: aliased to relative './messages/zh.json' inside of [project]/


Import trace:
  Server Component:
    ./lib/i18n.tsx
    ./app/layout.tsx

https://nextjs.org/docs/messages/module-not-found


⨯ ./lib/i18n.tsx:16:1
Module not found: Can't resolve '@/messages/en.json'
  [90m14 |[0m
  [90m15 |[0m [36mimport[0m zhMessages [36mfrom[0m [32m"@/messages/zh.json"[0m;
[31m[1m>[0m [90m16 |[0m [36mimport[0m enMessages [36mfrom[0m [32m"@/messages/en.json"[0m;
  [90m   |[0m [31m[1m^^^^^^^^^^^^^^^^^^^^^^^^^^^^^^^^^^^^^^^^^^^^[0m
  [90m17 |[0m
  [90m18 |[0m [36mconst[0m messages: [33mRecord[0m<[33mLocale[0m, [33mRecord[0m<string, unknown>> = {
  [90m19 |[0m   zh: zhMessages [36mas[0m [33mRecord[0m<string, unknown>,

Import map: aliased to relative './messages/en.json' inside of [project]/


Import trace:
  Server Component:
    ./lib/i18n.tsx
    ./app/layout.tsx

https://nextjs.org/docs/messages/module-not-found


⨯ ./lib/i18n.tsx:16:1
Module not found: Can't resolve '@/messages/en.json'
  [90m14 |[0m
  [90m15 |[0m [36mimport[0m zhMessages [36mfrom[0m [32m"@/messages/zh.json"[0m;
[31m[1m>[0m [90m16 |[0m [36mimport[0m enMessages [36mfrom[0m [32m"@/messages/en.json"[0m;
  [90m   |[0m [31m[1m^^^^^^^^^^^^^^^^^^^^^^^^^^^^^^^^^^^^^^^^^^^^[0m
  [90m17 |[0m
  [90m18 |[0m [36mconst[0m messages: [33mRecord[0m<[33mLocale[0m, [33mRecord[0m<string, unknown>> = {
  [90m19 |[0m   zh: zhMessages [36mas[0m [33mRecord[0m<string, unknown>,

Import map: aliased to relative './messages/en.json' inside of [project]/


Import trace:
  Server Component:
    ./lib/i18n.tsx
    ./app/layout.tsx

https://nextjs.org/docs/messages/module-not-found


⨯ ./lib/i18n.tsx:16:1
Module not found: Can't resolve '@/messages/en.json'
  [90m14 |[0m
  [90m15 |[0m [36mimport[0m zhMessages [36mfrom[0m [32m"@/messages/zh.json"[0m;
[31m[1m>[0m [90m16 |[0m [36mimport[0m enMessages [36mfrom[0m [32m"@/messages/en.json"[0m;
  [90m   |[0m [31m[1m^^^^^^^^^^^^^^^^^^^^^^^^^^^^^^^^^^^^^^^^^^^^[0m
  [90m17 |[0m
  [90m18 |[0m [36mconst[0m messages: [33mRecord[0m<[33mLocale[0m, [33mRecord[0m<string, unknown>> = {
  [90m19 |[0m   zh: zhMessages [36mas[0m [33mRecord[0m<string, unknown>,

Import map: aliased to relative './messages/en.json' inside of [project]/


Import trace:
  Server Component:
    ./lib/i18n.tsx
    ./app/layout.tsx

https://nextjs.org/docs/messages/module-not-found


⨯ ./lib/i18n.tsx:16:1
Module not found: Can't resolve '@/messages/en.json'
  [90m14 |[0m
  [90m15 |[0m [36mimport[0m zhMessages [36mfrom[0m [32m"@/messages/zh.json"[0m;
[31m[1m>[0m [90m16 |[0m [36mimport[0m enMessages [36mfrom[0m [32m"@/messages/en.json"[0m;
  [90m   |[0m [31m[1m^^^^^^^^^^^^^^^^^^^^^^^^^^^^^^^^^^^^^^^^^^^^[0m
  [90m17 |[0m
  [90m18 |[0m [36mconst[0m messages: [33mRecord[0m<[33mLocale[0m, [33mRecord[0m<string, unknown>> = {
  [90m19 |[0m   zh: zhMessages [36mas[0m [33mRecord[0m<string, unknown>,

Import map: aliased to relative './messages/en.json' inside of [project]/


Import trace:
  Server Component:
    ./lib/i18n.tsx
    ./app/layout.tsx

https://nextjs.org/docs/messages/module-not-found


⨯ ./lib/i18n.tsx:15:1
Module not found: Can't resolve '@/messages/zh.json'
  [90m13 |[0m [36mconst[0m [33mTranslationContext[0m = createContext<[33mTranslationContextType[0m | [36mnull[0m>([36mnull[0m);
  [90m14 |[0m
[31m[1m>[0m [90m15 |[0m [36mimport[0m zhMessages [36mfrom[0m [32m"@/messages/zh.json"[0m;
  [90m   |[0m [31m[1m^^^^^^^^^^^^^^^^^^^^^^^^^^^^^^^^^^^^^^^^^^^^[0m
  [90m16 |[0m [36mimport[0m enMessages [36mfrom[0m [32m"@/messages/en.json"[0m;
  [90m17 |[0m
  [90m18 |[0m [36mconst[0m messages: [33mRecord[0m<[33mLocale[0m, [33mRecord[0m<string, unknown>> = {

Import map: aliased to relative './messages/zh.json' inside of [project]/


Import trace:
  Server Component:
    ./lib/i18n.tsx
    ./app/layout.tsx

https://nextjs.org/docs/messages/module-not-found


⨯ ./lib/i18n.tsx:15:1
Module not found: Can't resolve '@/messages/zh.json'
  [90m13 |[0m [36mconst[0m [33mTranslationContext[0m = createContext<[33mTranslationContextType[0m | [36mnull[0m>([36mnull[0m);
  [90m14 |[0m
[31m[1m>[0m [90m15 |[0m [36mimport[0m zhMessages [36mfrom[0m [32m"@/messages/zh.json"[0m;
  [90m   |[0m [31m[1m^^^^^^^^^^^^^^^^^^^^^^^^^^^^^^^^^^^^^^^^^^^^[0m
  [90m16 |[0m [36mimport[0m enMessages [36mfrom[0m [32m"@/messages/en.json"[0m;
  [90m17 |[0m
  [90m18 |[0m [36mconst[0m messages: [33mRecord[0m<[33mLocale[0m, [33mRecord[0m<string, unknown>> = {

Import map: aliased to relative './messages/zh.json' inside of [project]/


Import trace:
  Server Component:
    ./lib/i18n.tsx
    ./app/layout.tsx

https://nextjs.org/docs/messages/module-not-found


⨯ ./lib/i18n.tsx:15:1
Module not found: Can't resolve '@/messages/zh.json'
  [90m13 |[0m [36mconst[0m [33mTranslationContext[0m = createContext<[33mTranslationContextType[0m | [36mnull[0m>([36mnull[0m);
  [90m14 |[0m
[31m[1m>[0m [90m15 |[0m [36mimport[0m zhMessages [36mfrom[0m [32m"@/messages/zh.json"[0m;
  [90m   |[0m [31m[1m^^^^^^^^^^^^^^^^^^^^^^^^^^^^^^^^^^^^^^^^^^^^[0m
  [90m16 |[0m [36mimport[0m enMessages [36mfrom[0m [32m"@/messages/en.json"[0m;
  [90m17 |[0m
  [90m18 |[0m [36mconst[0m messages: [33mRecord[0m<[33mLocale[0m, [33mRecord[0m<string, unknown>> = {

Import map: aliased to relative './messages/zh.json' inside of [project]/


Import trace:
  Server Component:
    ./lib/i18n.tsx
    ./app/layout.tsx

https://nextjs.org/docs/messages/module-not-found


⨯ ./lib/i18n.tsx:15:1
Module not found: Can't resolve '@/messages/zh.json'
  [90m13 |[0m [36mconst[0m [33mTranslationContext[0m = createContext<[33mTranslationContextType[0m | [36mnull[0m>([36mnull[0m);
  [90m14 |[0m
[31m[1m>[0m [90m15 |[0m [36mimport[0m zhMessages [36mfrom[0m [32m"@/messages/zh.json"[0m;
  [90m   |[0m [31m[1m^^^^^^^^^^^^^^^^^^^^^^^^^^^^^^^^^^^^^^^^^^^^[0m
  [90m16 |[0m [36mimport[0m enMessages [36mfrom[0m [32m"@/messages/en.json"[0m;
  [90m17 |[0m
  [90m18 |[0m [36mconst[0m messages: [33mRecord[0m<[33mLocale[0m, [33mRecord[0m<string, unknown>> = {

Import map: aliased to relative './messages/zh.json' inside of [project]/


Import trace:
  Server Component:
    ./lib/i18n.tsx
    ./app/layout.tsx

https://nextjs.org/docs/messages/module-not-found


⨯ ./lib/i18n.tsx:16:1
Module not found: Can't resolve '@/messages/en.json'
  [90m14 |[0m
  [90m15 |[0m [36mimport[0m zhMessages [36mfrom[0m [32m"@/messages/zh.json"[0m;
[31m[1m>[0m [90m16 |[0m [36mimport[0m enMessages [36mfrom[0m [32m"@/messages/en.json"[0m;
  [90m   |[0m [31m[1m^^^^^^^^^^^^^^^^^^^^^^^^^^^^^^^^^^^^^^^^^^^^[0m
  [90m17 |[0m
  [90m18 |[0m [36mconst[0m messages: [33mRecord[0m<[33mLocale[0m, [33mRecord[0m<string, unknown>> = {
  [90m19 |[0m   zh: zhMessages [36mas[0m [33mRecord[0m<string, unknown>,

Import map: aliased to relative './messages/en.json' inside of [project]/


Import trace:
  Server Component:
    ./lib/i18n.tsx
    ./app/layout.tsx

https://nextjs.org/docs/messages/module-not-found


⨯ ./lib/i18n.tsx:16:1
Module not found: Can't resolve '@/messages/en.json'
  [90m14 |[0m
  [90m15 |[0m [36mimport[0m zhMessages [36mfrom[0m [32m"@/messages/zh.json"[0m;
[31m[1m>[0m [90m16 |[0m [36mimport[0m enMessages [36mfrom[0m [32m"@/messages/en.json"[0m;
  [90m   |[0m [31m[1m^^^^^^^^^^^^^^^^^^^^^^^^^^^^^^^^^^^^^^^^^^^^[0m
  [90m17 |[0m
  [90m18 |[0m [36mconst[0m messages: [33mRecord[0m<[33mLocale[0m, [33mRecord[0m<string, unknown>> = {
  [90m19 |[0m   zh: zhMessages [36mas[0m [33mRecord[0m<string, unknown>,

Import map: aliased to relative './messages/en.json' inside of [project]/


Import trace:
  Server Component:
    ./lib/i18n.tsx
    ./app/layout.tsx

https://nextjs.org/docs/messages/module-not-found


⨯ ./lib/i18n.tsx:16:1
Module not found: Can't resolve '@/messages/en.json'
  [90m14 |[0m
  [90m15 |[0m [36mimport[0m zhMessages [36mfrom[0m [32m"@/messages/zh.json"[0m;
[31m[1m>[0m [90m16 |[0m [36mimport[0m enMessages [36mfrom[0m [32m"@/messages/en.json"[0m;
  [90m   |[0m [31m[1m^^^^^^^^^^^^^^^^^^^^^^^^^^^^^^^^^^^^^^^^^^^^[0m
  [90m17 |[0m
  [90m18 |[0m [36mconst[0m messages: [33mRecord[0m<[33mLocale[0m, [33mRecord[0m<string, unknown>> = {
  [90m19 |[0m   zh: zhMessages [36mas[0m [33mRecord[0m<string, unknown>,

Import map: aliased to relative './messages/en.json' inside of [project]/


Import trace:
  Server Component:
    ./lib/i18n.tsx
    ./app/layout.tsx

https://nextjs.org/docs/messages/module-not-found


⨯ ./lib/i18n.tsx:16:1
Module not found: Can't resolve '@/messages/en.json'
  [90m14 |[0m
  [90m15 |[0m [36mimport[0m zhMessages [36mfrom[0m [32m"@/messages/zh.json"[0m;
[31m[1m>[0m [90m16 |[0m [36mimport[0m enMessages [36mfrom[0m [32m"@/messages/en.json"[0m;
  [90m   |[0m [31m[1m^^^^^^^^^^^^^^^^^^^^^^^^^^^^^^^^^^^^^^^^^^^^[0m
  [90m17 |[0m
  [90m18 |[0m [36mconst[0m messages: [33mRecord[0m<[33mLocale[0m, [33mRecord[0m<string, unknown>> = {
  [90m19 |[0m   zh: zhMessages [36mas[0m [33mRecord[0m<string, unknown>,

Import map: aliased to relative './messages/en.json' inside of [project]/


Import trace:
  Server Component:
    ./lib/i18n.tsx
    ./app/layout.tsx

https://nextjs.org/docs/messages/module-not-found


⨯ ./lib/i18n.tsx:15:1
Module not found: Can't resolve '@/messages/zh.json'
  [90m13 |[0m [36mconst[0m [33mTranslationContext[0m = createContext<[33mTranslationContextType[0m | [36mnull[0m>([36mnull[0m);
  [90m14 |[0m
[31m[1m>[0m [90m15 |[0m [36mimport[0m zhMessages [36mfrom[0m [32m"@/messages/zh.json"[0m;
  [90m   |[0m [31m[1m^^^^^^^^^^^^^^^^^^^^^^^^^^^^^^^^^^^^^^^^^^^^[0m
  [90m16 |[0m [36mimport[0m enMessages [36mfrom[0m [32m"@/messages/en.json"[0m;
  [90m17 |[0m
  [90m18 |[0m [36mconst[0m messages: [33mRecord[0m<[33mLocale[0m, [33mRecord[0m<string, unknown>> = {

Import map: aliased to relative './messages/zh.json' inside of [project]/


Import trace:
  Server Component:
    ./lib/i18n.tsx
    ./app/layout.tsx

https://nextjs.org/docs/messages/module-not-found


⨯ ./lib/i18n.tsx:15:1
Module not found: Can't resolve '@/messages/zh.json'
  [90m13 |[0m [36mconst[0m [33mTranslationContext[0m = createContext<[33mTranslationContextType[0m | [36mnull[0m>([36mnull[0m);
  [90m14 |[0m
[31m[1m>[0m [90m15 |[0m [36mimport[0m zhMessages [36mfrom[0m [32m"@/messages/zh.json"[0m;
  [90m   |[0m [31m[1m^^^^^^^^^^^^^^^^^^^^^^^^^^^^^^^^^^^^^^^^^^^^[0m
  [90m16 |[0m [36mimport[0m enMessages [36mfrom[0m [32m"@/messages/en.json"[0m;
  [90m17 |[0m
  [90m18 |[0m [36mconst[0m messages: [33mRecord[0m<[33mLocale[0m, [33mRecord[0m<string, unknown>> = {

Import map: aliased to relative './messages/zh.json' inside of [project]/


Import trace:
  Server Component:
    ./lib/i18n.tsx
    ./app/layout.tsx

https://nextjs.org/docs/messages/module-not-found


⨯ ./lib/i18n.tsx:15:1
Module not found: Can't resolve '@/messages/zh.json'
  [90m13 |[0m [36mconst[0m [33mTranslationContext[0m = createContext<[33mTranslationContextType[0m | [36mnull[0m>([36mnull[0m);
  [90m14 |[0m
[31m[1m>[0m [90m15 |[0m [36mimport[0m zhMessages [36mfrom[0m [32m"@/messages/zh.json"[0m;
  [90m   |[0m [31m[1m^^^^^^^^^^^^^^^^^^^^^^^^^^^^^^^^^^^^^^^^^^^^[0m
  [90m16 |[0m [36mimport[0m enMessages [36mfrom[0m [32m"@/messages/en.json"[0m;
  [90m17 |[0m
  [90m18 |[0m [36mconst[0m messages: [33mRecord[0m<[33mLocale[0m, [33mRecord[0m<string, unknown>> = {

Import map: aliased to relative './messages/zh.json' inside of [project]/


Import trace:
  Server Component:
    ./lib/i18n.tsx
    ./app/layout.tsx

https://nextjs.org/docs/messages/module-not-found


⨯ ./lib/i18n.tsx:15:1
Module not found: Can't resolve '@/messages/zh.json'
  [90m13 |[0m [36mconst[0m [33mTranslationContext[0m = createContext<[33mTranslationContextType[0m | [36mnull[0m>([36mnull[0m);
  [90m14 |[0m
[31m[1m>[0m [90m15 |[0m [36mimport[0m zhMessages [36mfrom[0m [32m"@/messages/zh.json"[0m;
  [90m   |[0m [31m[1m^^^^^^^^^^^^^^^^^^^^^^^^^^^^^^^^^^^^^^^^^^^^[0m
  [90m16 |[0m [36mimport[0m enMessages [36mfrom[0m [32m"@/messages/en.json"[0m;
  [90m17 |[0m
  [90m18 |[0m [36mconst[0m messages: [33mRecord[0m<[33mLocale[0m, [33mRecord[0m<string, unknown>> = {

Import map: aliased to relative './messages/zh.json' inside of [project]/


Import trace:
  Server Component:
    ./lib/i18n.tsx
    ./app/layout.tsx

https://nextjs.org/docs/messages/module-not-found


⨯ ./lib/i18n.tsx:16:1
Module not found: Can't resolve '@/messages/en.json'
  [90m14 |[0m
  [90m15 |[0m [36mimport[0m zhMessages [36mfrom[0m [32m"@/messages/zh.json"[0m;
[31m[1m>[0m [90m16 |[0m [36mimport[0m enMessages [36mfrom[0m [32m"@/messages/en.json"[0m;
  [90m   |[0m [31m[1m^^^^^^^^^^^^^^^^^^^^^^^^^^^^^^^^^^^^^^^^^^^^[0m
  [90m17 |[0m
  [90m18 |[0m [36mconst[0m messages: [33mRecord[0m<[33mLocale[0m, [33mRecord[0m<string, unknown>> = {
  [90m19 |[0m   zh: zhMessages [36mas[0m [33mRecord[0m<string, unknown>,

Import map: aliased to relative './messages/en.json' inside of [project]/


Import traces:
  Server Component:
    ./lib/i18n.tsx
    ./app/layout.tsx

  Client Component Browser:
    ./lib/i18n.tsx [Client Component Browser]
    ./app/page.tsx [Client Component Browser]
    ./app/page.tsx [Server Component]

  Client Component SSR:
    ./lib/i18n.tsx [Client Component SSR]
    ./app/page.tsx [Client Component SSR]
    ./app/page.tsx [Server Component]

https://nextjs.org/docs/messages/module-not-found


⨯ ./lib/i18n.tsx:16:1
Module not found: Can't resolve '@/messages/en.json'
  [90m14 |[0m
  [90m15 |[0m [36mimport[0m zhMessages [36mfrom[0m [32m"@/messages/zh.json"[0m;
[31m[1m>[0m [90m16 |[0m [36mimport[0m enMessages [36mfrom[0m [32m"@/messages/en.json"[0m;
  [90m   |[0m [31m[1m^^^^^^^^^^^^^^^^^^^^^^^^^^^^^^^^^^^^^^^^^^^^[0m
  [90m17 |[0m
  [90m18 |[0m [36mconst[0m messages: [33mRecord[0m<[33mLocale[0m, [33mRecord[0m<string, unknown>> = {
  [90m19 |[0m   zh: zhMessages [36mas[0m [33mRecord[0m<string, unknown>,

Import map: aliased to relative './messages/en.json' inside of [project]/


Import traces:
  Server Component:
    ./lib/i18n.tsx
    ./app/layout.tsx

  Client Component Browser:
    ./lib/i18n.tsx [Client Component Browser]
    ./app/page.tsx [Client Component Browser]
    ./app/page.tsx [Server Component]

  Client Component SSR:
    ./lib/i18n.tsx [Client Component SSR]
    ./app/page.tsx [Client Component SSR]
    ./app/page.tsx [Server Component]

https://nextjs.org/docs/messages/module-not-found


⨯ ./lib/i18n.tsx:16:1
Module not found: Can't resolve '@/messages/en.json'
  [90m14 |[0m
  [90m15 |[0m [36mimport[0m zhMessages [36mfrom[0m [32m"@/messages/zh.json"[0m;
[31m[1m>[0m [90m16 |[0m [36mimport[0m enMessages [36mfrom[0m [32m"@/messages/en.json"[0m;
  [90m   |[0m [31m[1m^^^^^^^^^^^^^^^^^^^^^^^^^^^^^^^^^^^^^^^^^^^^[0m
  [90m17 |[0m
  [90m18 |[0m [36mconst[0m messages: [33mRecord[0m<[33mLocale[0m, [33mRecord[0m<string, unknown>> = {
  [90m19 |[0m   zh: zhMessages [36mas[0m [33mRecord[0m<string, unknown>,

Import map: aliased to relative './messages/en.json' inside of [project]/


Import traces:
  Server Component:
    ./lib/i18n.tsx
    ./app/layout.tsx

  Client Component Browser:
    ./lib/i18n.tsx [Client Component Browser]
    ./app/page.tsx [Client Component Browser]
    ./app/page.tsx [Server Component]

  Client Component SSR:
    ./lib/i18n.tsx [Client Component SSR]
    ./app/page.tsx [Client Component SSR]
    ./app/page.tsx [Server Component]

https://nextjs.org/docs/messages/module-not-found


⨯ ./lib/i18n.tsx:16:1
Module not found: Can't resolve '@/messages/en.json'
  [90m14 |[0m
  [90m15 |[0m [36mimport[0m zhMessages [36mfrom[0m [32m"@/messages/zh.json"[0m;
[31m[1m>[0m [90m16 |[0m [36mimport[0m enMessages [36mfrom[0m [32m"@/messages/en.json"[0m;
  [90m   |[0m [31m[1m^^^^^^^^^^^^^^^^^^^^^^^^^^^^^^^^^^^^^^^^^^^^[0m
  [90m17 |[0m
  [90m18 |[0m [36mconst[0m messages: [33mRecord[0m<[33mLocale[0m, [33mRecord[0m<string, unknown>> = {
  [90m19 |[0m   zh: zhMessages [36mas[0m [33mRecord[0m<string, unknown>,

Import map: aliased to relative './messages/en.json' inside of [project]/


Import traces:
  Server Component:
    ./lib/i18n.tsx
    ./app/layout.tsx

  Client Component Browser:
    ./lib/i18n.tsx [Client Component Browser]
    ./app/page.tsx [Client Component Browser]
    ./app/page.tsx [Server Component]

  Client Component SSR:
    ./lib/i18n.tsx [Client Component SSR]
    ./app/page.tsx [Client Component SSR]
    ./app/page.tsx [Server Component]

https://nextjs.org/docs/messages/module-not-found


⨯ ./lib/i18n.tsx:15:1
Module not found: Can't resolve '@/messages/zh.json'
  [90m13 |[0m [36mconst[0m [33mTranslationContext[0m = createContext<[33mTranslationContextType[0m | [36mnull[0m>([36mnull[0m);
  [90m14 |[0m
[31m[1m>[0m [90m15 |[0m [36mimport[0m zhMessages [36mfrom[0m [32m"@/messages/zh.json"[0m;
  [90m   |[0m [31m[1m^^^^^^^^^^^^^^^^^^^^^^^^^^^^^^^^^^^^^^^^^^^^[0m
  [90m16 |[0m [36mimport[0m enMessages [36mfrom[0m [32m"@/messages/en.json"[0m;
  [90m17 |[0m
  [90m18 |[0m [36mconst[0m messages: [33mRecord[0m<[33mLocale[0m, [33mRecord[0m<string, unknown>> = {

Import map: aliased to relative './messages/zh.json' inside of [project]/


Import traces:
  Server Component:
    ./lib/i18n.tsx
    ./app/layout.tsx

  Client Component Browser:
    ./lib/i18n.tsx [Client Component Browser]
    ./app/page.tsx [Client Component Browser]
    ./app/page.tsx [Server Component]

  Client Component SSR:
    ./lib/i18n.tsx [Client Component SSR]
    ./app/page.tsx [Client Component SSR]
    ./app/page.tsx [Server Component]

https://nextjs.org/docs/messages/module-not-found


⨯ ./lib/i18n.tsx:15:1
Module not found: Can't resolve '@/messages/zh.json'
  [90m13 |[0m [36mconst[0m [33mTranslationContext[0m = createContext<[33mTranslationContextType[0m | [36mnull[0m>([36mnull[0m);
  [90m14 |[0m
[31m[1m>[0m [90m15 |[0m [36mimport[0m zhMessages [36mfrom[0m [32m"@/messages/zh.json"[0m;
  [90m   |[0m [31m[1m^^^^^^^^^^^^^^^^^^^^^^^^^^^^^^^^^^^^^^^^^^^^[0m
  [90m16 |[0m [36mimport[0m enMessages [36mfrom[0m [32m"@/messages/en.json"[0m;
  [90m17 |[0m
  [90m18 |[0m [36mconst[0m messages: [33mRecord[0m<[33mLocale[0m, [33mRecord[0m<string, unknown>> = {

Import map: aliased to relative './messages/zh.json' inside of [project]/


Import traces:
  Server Component:
    ./lib/i18n.tsx
    ./app/layout.tsx

  Client Component Browser:
    ./lib/i18n.tsx [Client Component Browser]
    ./app/page.tsx [Client Component Browser]
    ./app/page.tsx [Server Component]

  Client Component SSR:
    ./lib/i18n.tsx [Client Component SSR]
    ./app/page.tsx [Client Component SSR]
    ./app/page.tsx [Server Component]

https://nextjs.org/docs/messages/module-not-found


⨯ ./lib/i18n.tsx:15:1
Module not found: Can't resolve '@/messages/zh.json'
  [90m13 |[0m [36mconst[0m [33mTranslationContext[0m = createContext<[33mTranslationContextType[0m | [36mnull[0m>([36mnull[0m);
  [90m14 |[0m
[31m[1m>[0m [90m15 |[0m [36mimport[0m zhMessages [36mfrom[0m [32m"@/messages/zh.json"[0m;
  [90m   |[0m [31m[1m^^^^^^^^^^^^^^^^^^^^^^^^^^^^^^^^^^^^^^^^^^^^[0m
  [90m16 |[0m [36mimport[0m enMessages [36mfrom[0m [32m"@/messages/en.json"[0m;
  [90m17 |[0m
  [90m18 |[0m [36mconst[0m messages: [33mRecord[0m<[33mLocale[0m, [33mRecord[0m<string, unknown>> = {

Import map: aliased to relative './messages/zh.json' inside of [project]/


Import traces:
  Server Component:
    ./lib/i18n.tsx
    ./app/layout.tsx

  Client Component Browser:
    ./lib/i18n.tsx [Client Component Browser]
    ./app/page.tsx [Client Component Browser]
    ./app/page.tsx [Server Component]

  Client Component SSR:
    ./lib/i18n.tsx [Client Component SSR]
    ./app/page.tsx [Client Component SSR]
    ./app/page.tsx [Server Component]

https://nextjs.org/docs/messages/module-not-found


⨯ ./lib/i18n.tsx:15:1
Module not found: Can't resolve '@/messages/zh.json'
  [90m13 |[0m [36mconst[0m [33mTranslationContext[0m = createContext<[33mTranslationContextType[0m | [36mnull[0m>([36mnull[0m);
  [90m14 |[0m
[31m[1m>[0m [90m15 |[0m [36mimport[0m zhMessages [36mfrom[0m [32m"@/messages/zh.json"[0m;
  [90m   |[0m [31m[1m^^^^^^^^^^^^^^^^^^^^^^^^^^^^^^^^^^^^^^^^^^^^[0m
  [90m16 |[0m [36mimport[0m enMessages [36mfrom[0m [32m"@/messages/en.json"[0m;
  [90m17 |[0m
  [90m18 |[0m [36mconst[0m messages: [33mRecord[0m<[33mLocale[0m, [33mRecord[0m<string, unknown>> = {

Import map: aliased to relative './messages/zh.json' inside of [project]/


Import traces:
  Server Component:
    ./lib/i18n.tsx
    ./app/layout.tsx

  Client Component Browser:
    ./lib/i18n.tsx [Client Component Browser]
    ./app/page.tsx [Client Component Browser]
    ./app/page.tsx [Server Component]

  Client Component SSR:
    ./lib/i18n.tsx [Client Component SSR]
    ./app/page.tsx [Client Component SSR]
    ./app/page.tsx [Server Component]

https://nextjs.org/docs/messages/module-not-found


✓ Compiled in 127ms
✓ Compiled in 629ms
 GET /api/regulations/updates 200 in 884ms (next.js: 826ms, application-code: 58ms)
 GET /api/regulations/updates?market=EU 200 in 18ms (next.js: 5ms, application-code: 13ms)
 GET /api/regulations/updates 200 in 371ms (next.js: 296ms, application-code: 75ms)
 GET /trace 200 in 2.4s (next.js: 2.1s, application-code: 339ms)
 GET /roadmap 200 in 1283ms (next.js: 1156ms, application-code: 127ms)
 GET /api/regulations/updates 200 in 60ms (next.js: 47ms, application-code: 13ms)
 GET /trace 200 in 2.1s (next.js: 1027ms, application-code: 1031ms)
 GET /trace 200 in 75ms (next.js: 6ms, application-code: 69ms)
 GET /roadmap 200 in 441ms (next.js: 255ms, application-code: 187ms)
✓ Compiled in 1583ms
 GET /roadmap 200 in 2.1s (next.js: 390ms, application-code: 1741ms)
 GET /trace 200 in 1468ms (next.js: 507ms, application-code: 960ms)
 GET /roadmap 200 in 1462ms (next.js: 883ms, application-code: 579ms)
 GET /trace 200 in 245ms (next.js: 14ms, application-code: 231ms)
✓ Compiled in 390ms
 GET /roadmap 200 in 570ms (next.js: 362ms, application-code: 208ms)
 GET /trace 200 in 574ms (next.js: 124ms, application-code: 449ms)
 GET /trace 200 in 150ms (next.js: 9ms, application-code: 141ms)
 GET /roadmap 200 in 148ms (next.js: 53ms, application-code: 95ms)
✓ Compiled in 759ms
 GET /trace 200 in 949ms (next.js: 176ms, application-code: 772ms)
 GET /roadmap 200 in 950ms (next.js: 395ms, application-code: 555ms)
 GET /trace 200 in 477ms (next.js: 25ms, application-code: 453ms)
 GET /roadmap 200 in 479ms (next.js: 107ms, application-code: 372ms)
 GET /trace 200 in 277ms (next.js: 31ms, application-code: 246ms)
 GET /roadmap 200 in 259ms (next.js: 137ms, application-code: 122ms)
✓ Compiled in 303ms
 GET /trace 200 in 338ms (next.js: 101ms, application-code: 237ms)
 GET /roadmap 200 in 338ms (next.js: 272ms, application-code: 66ms)
