{
  "verifiedAt": "2026-09-19T09:14:28.289Z",
  "base": "https://twinbuddy.xyz",
  "checks": [
    "匿名拒绝",
    "伪造会话拒绝",
    "页面跳转",
    "跨站登录拒绝",
    "错误密码拒绝",
    "安全Cookie",
    "日期校验",
    "7/30/90天聚合",
    "退出后会话撤销"
  ],
  "results": [
    {
      "days": 7,
      "totals": {
        "visitors": 0,
        "pageViews": 0,
        "apiCalls": 0,
        "scans": 93,
        "completed": 93,
        "failed": 0,
        "averageLatencyMs": 52118,
        "regulations": 61,
        "markets": 14,
        "sources": 37,
        "fetched": 37,
        "newRegulations": 11
      },
      "coverage": {
        "trafficSince": null,
        "scansSince": "2026-08-06T09:49:52.213108+00:00",
        "notes": [
          "82 条历史审计没有时间，已持久保留，但无法归入日期曲线和所选期间汇总。",
          "扫描数按首次提交的会话去重；完成与失败按任务终态去重并归入结束日期，包含重新审查任务。完成数包含降级结果；缺少终态的会话显示未知。可读取的历史审计已导入持久统计库，日志轮转后继续保留；首次导入前已丢失的日志无法回填。审计日志不等于所有 API 调用。",
          "逐轮法规审计按北京时间统计，与历史快照合并去重。旧记录使用保留的 UTC 日期快照。抓取文件按来源、内容摘要和文件名跨日去重，表示留存的新版本证据；新增法规按每日入库法规 ID 去重。旧快照可能被重复运行覆盖，缺失日期显示空值，其计数为留存记录下限。来源状态是最近留存证据，不表示实时可用。",
          "流量采集尚未建立覆盖起点，访客和请求历史不可用。"
        ]
      }
    },
    {
      "days": 30,
      "totals": {
        "visitors": 0,
        "pageViews": 0,
        "apiCalls": 0,
        "scans": 114,
        "completed": 114,
        "failed": 0,
        "averageLatencyMs": 52118,
        "regulations": 61,
        "markets": 14,
        "sources": 37,
        "fetched": 37,
        "newRegulations": 11
      },
      "coverage": {
        "trafficSince": null,
        "scansSince": "2026-08-06T09:49:52.213108+00:00",
        "notes": [
          "82 条历史审计没有时间，已持久保留，但无法归入日期曲线和所选期间汇总。",
          "扫描数按首次提交的会话去重；完成与失败按任务终态去重并归入结束日期，包含重新审查任务。完成数包含降级结果；缺少终态的会话显示未知。可读取的历史审计已导入持久统计库，日志轮转后继续保留；首次导入前已丢失的日志无法回填。审计日志不等于所有 API 调用。",
          "逐轮法规审计按北京时间统计，与历史快照合并去重。旧记录使用保留的 UTC 日期快照。抓取文件按来源、内容摘要和文件名跨日去重，表示留存的新版本证据；新增法规按每日入库法规 ID 去重。旧快照可能被重复运行覆盖，缺失日期显示空值，其计数为留存记录下限。来源状态是最近留存证据，不表示实时可用。",
          "流量采集尚未建立覆盖起点，访客和请求历史不可用。"
        ]
      }
    },
    {
      "days": 90,
      "totals": {
        "visitors": 0,
        "pageViews": 0,
        "apiCalls": 0,
        "scans": 114,
        "completed": 114,
        "failed": 0,
        "averageLatencyMs": 52118,
        "regulations": 61,
        "markets": 14,
        "sources": 37,
        "fetched": 37,
        "newRegulations": 11
      },
      "coverage": {
        "trafficSince": null,
        "scansSince": "2026-08-06T09:49:52.213108+00:00",
        "notes": [
          "82 条历史审计没有时间，已持久保留，但无法归入日期曲线和所选期间汇总。",
          "扫描数按首次提交的会话去重；完成与失败按任务终态去重并归入结束日期，包含重新审查任务。完成数包含降级结果；缺少终态的会话显示未知。可读取的历史审计已导入持久统计库，日志轮转后继续保留；首次导入前已丢失的日志无法回填。审计日志不等于所有 API 调用。",
          "逐轮法规审计按北京时间统计，与历史快照合并去重。旧记录使用保留的 UTC 日期快照。抓取文件按来源、内容摘要和文件名跨日去重，表示留存的新版本证据；新增法规按每日入库法规 ID 去重。旧快照可能被重复运行覆盖，缺失日期显示空值，其计数为留存记录下限。来源状态是最近留存证据，不表示实时可用。",
          "流量采集尚未建立覆盖起点，访客和请求历史不可用。"
        ]
      }
